Component: ARM Compiler 5.06 update 1 (build 61) Tool: armlink [4d35a8]

==============================================================================

Section Cross References

    bitbytenumber.o(i.atof) refers to dflt_clz.o(x$fpl$dflt) for __aeabi_i2d
    bitbytenumber.o(i.atof) refers to dmul.o(x$fpl$dmul) for __aeabi_dmul
    bitbytenumber.o(i.atof) refers to daddsub_clz.o(x$fpl$dadd) for __aeabi_dadd
    bitbytenumber.o(i.atof) refers to ddiv.o(x$fpl$ddiv) for __aeabi_ddiv
    bitbytenumber.o(i.ftoa) refers to ffix.o(x$fpl$ffix) for __aeabi_f2iz
    bitbytenumber.o(i.ftoa) refers to fflt_clz.o(x$fpl$fflt) for __aeabi_i2f
    bitbytenumber.o(i.ftoa) refers to faddsub_clz.o(x$fpl$frsb) for __aeabi_frsub
    bitbytenumber.o(i.ftoa) refers to bitbytenumber.o(i.itoa) for itoa
    bitbytenumber.o(i.ftoa) refers to dflt_clz.o(x$fpl$dflt) for __aeabi_i2d
    bitbytenumber.o(i.ftoa) refers to pow.o(i.pow) for pow
    bitbytenumber.o(i.ftoa) refers to f2d.o(x$fpl$f2d) for __aeabi_f2d
    bitbytenumber.o(i.ftoa) refers to dmul.o(x$fpl$dmul) for __aeabi_dmul
    bitbytenumber.o(i.ftoa) refers to d2f.o(x$fpl$d2f) for __aeabi_d2f
    bitbytenumber.o(i.itoa) refers to bitbytenumber.o(i.reverse) for reverse
    delay.o(i.delayMs) refers to delay.o(i.delayUs) for delayUs
    delay.o(i.delayS) refers to delay.o(i.delayMs) for delayMs
    eeprom.o(i.DelayEeprom) refers to delay.o(i.delayMs) for delayMs
    eeprom.o(i.DelayEeprom) refers to eeprom.o(.data) for EepromType_U8
    eeprom.o(i.EEPROM_Erase) refers to eeprom.o(i.EEPROM_SelectAddress) for EEPROM_SelectAddress
    eeprom.o(i.EEPROM_Erase) refers to softi2c.o(i.SoftI2C_Write) for SoftI2C_Write
    eeprom.o(i.EEPROM_Erase) refers to softi2c.o(i.SoftI2C_Stop) for SoftI2C_Stop
    eeprom.o(i.EEPROM_Erase) refers to eeprom.o(i.DelayEeprom) for DelayEeprom
    eeprom.o(i.EEPROM_Erase) refers to eeprom.o(.data) for EepromPageSize_U16
    eeprom.o(i.EEPROM_Init) refers to softi2c.o(i.SoftI2C_Init) for SoftI2C_Init
    eeprom.o(i.EEPROM_Init) refers to eeprom.o(.data) for EepromType_U8
    eeprom.o(i.EEPROM_ReadByte) refers to eeprom.o(i.EEPROM_SelectAddress) for EEPROM_SelectAddress
    eeprom.o(i.EEPROM_ReadByte) refers to softi2c.o(i.SoftI2C_Start) for SoftI2C_Start
    eeprom.o(i.EEPROM_ReadByte) refers to softi2c.o(i.SoftI2C_Write) for SoftI2C_Write
    eeprom.o(i.EEPROM_ReadByte) refers to softi2c.o(i.SoftI2C_Read) for SoftI2C_Read
    eeprom.o(i.EEPROM_ReadByte) refers to softi2c.o(i.SoftI2C_Stop) for SoftI2C_Stop
    eeprom.o(i.EEPROM_ReadByte) refers to eeprom.o(i.DelayEeprom) for DelayEeprom
    eeprom.o(i.EEPROM_ReadFloat) refers to eeprom.o(i.EEPROM_ReadString) for EEPROM_ReadString
    eeprom.o(i.EEPROM_ReadFloat) refers to bitbytenumber.o(i.atof) for atof
    eeprom.o(i.EEPROM_ReadFloat) refers to d2f.o(x$fpl$d2f) for __aeabi_d2f
    eeprom.o(i.EEPROM_ReadNumber) refers to eeprom.o(i.EEPROM_ReadString) for EEPROM_ReadString
    eeprom.o(i.EEPROM_ReadNumber) refers to bitbytenumber.o(i.atoi) for atoi
    eeprom.o(i.EEPROM_ReadString) refers to eeprom.o(i.EEPROM_ReadByte) for EEPROM_ReadByte
    eeprom.o(i.EEPROM_ReadStringPage) refers to eeprom.o(i.EEPROM_SelectAddress) for EEPROM_SelectAddress
    eeprom.o(i.EEPROM_ReadStringPage) refers to softi2c.o(i.SoftI2C_Start) for SoftI2C_Start
    eeprom.o(i.EEPROM_ReadStringPage) refers to softi2c.o(i.SoftI2C_Write) for SoftI2C_Write
    eeprom.o(i.EEPROM_ReadStringPage) refers to softi2c.o(i.SoftI2C_Read) for SoftI2C_Read
    eeprom.o(i.EEPROM_ReadStringPage) refers to softi2c.o(i.softI2c_NoAck) for softI2c_NoAck
    eeprom.o(i.EEPROM_ReadStringPage) refers to softi2c.o(i.softI2c_Ack) for softI2c_Ack
    eeprom.o(i.EEPROM_ReadStringPage) refers to softi2c.o(i.SoftI2C_Stop) for SoftI2C_Stop
    eeprom.o(i.EEPROM_ReadStringPage) refers to eeprom.o(i.DelayEeprom) for DelayEeprom
    eeprom.o(i.EEPROM_SelectAddress) refers to bitbytenumber.o(i.ChangeBit) for ChangeBit
    eeprom.o(i.EEPROM_SelectAddress) refers to softi2c.o(i.SoftI2C_Start) for SoftI2C_Start
    eeprom.o(i.EEPROM_SelectAddress) refers to softi2c.o(i.SoftI2C_Write) for SoftI2C_Write
    eeprom.o(i.EEPROM_SelectAddress) refers to eeprom.o(.data) for EepromType_U8
    eeprom.o(i.EEPROM_WriteByte) refers to eeprom.o(i.EEPROM_SelectAddress) for EEPROM_SelectAddress
    eeprom.o(i.EEPROM_WriteByte) refers to softi2c.o(i.SoftI2C_Write) for SoftI2C_Write
    eeprom.o(i.EEPROM_WriteByte) refers to softi2c.o(i.SoftI2C_Stop) for SoftI2C_Stop
    eeprom.o(i.EEPROM_WriteByte) refers to eeprom.o(i.DelayEeprom) for DelayEeprom
    eeprom.o(i.EEPROM_WriteFloat) refers to f2d.o(x$fpl$f2d) for __aeabi_f2d
    eeprom.o(i.EEPROM_WriteFloat) refers to dleqf.o(x$fpl$dleqf) for __aeabi_cdcmple
    eeprom.o(i.EEPROM_WriteFloat) refers to eeprom.o(i.EEPROM_WriteByte) for EEPROM_WriteByte
    eeprom.o(i.EEPROM_WriteFloat) refers to bitbytenumber.o(i.ftoa) for ftoa
[...]
    daddsub_clz.o(x$fpl$drsb) refers to daddsub_clz.o(x$fpl$dsub) for _dsub1
    daddsub_clz.o(x$fpl$dsub) refers (Special) to usenofp.o(x$fpl$usenofp) for __I$use$fp
    daddsub_clz.o(x$fpl$dsub) refers to daddsub_clz.o(x$fpl$dadd) for _dadd1
    daddsub_clz.o(x$fpl$dsub) refers to dnaninf.o(x$fpl$dnaninf) for __fpl_dnaninf
    ddiv.o(x$fpl$drdiv) refers (Special) to usenofp.o(x$fpl$usenofp) for __I$use$fp
    ddiv.o(x$fpl$drdiv) refers to ddiv.o(x$fpl$ddiv) for ddiv_entry
    ddiv.o(x$fpl$ddiv) refers (Special) to usenofp.o(x$fpl$usenofp) for __I$use$fp
    ddiv.o(x$fpl$ddiv) refers to dretinf.o(x$fpl$dretinf) for __fpl_dretinf
    ddiv.o(x$fpl$ddiv) refers to dnaninf.o(x$fpl$dnaninf) for __fpl_dnaninf
    dflt_clz.o(x$fpl$dfltu) refers (Special) to usenofp.o(x$fpl$usenofp) for __I$use$fp
    dflt_clz.o(x$fpl$dflt) refers (Special) to usenofp.o(x$fpl$usenofp) for __I$use$fp
    dflt_clz.o(x$fpl$dfltn) refers (Special) to usenofp.o(x$fpl$usenofp) for __I$use$fp
    dleqf.o(x$fpl$dleqf) refers (Special) to usenofp.o(x$fpl$usenofp) for __I$use$fp
    dleqf.o(x$fpl$dleqf) refers to dnaninf.o(x$fpl$dnaninf) for __fpl_dnaninf
    dleqf.o(x$fpl$dleqf) refers to dcmpi.o(x$fpl$dcmpinf) for __fpl_dcmp_Inf
    dmul.o(x$fpl$dmul) refers (Special) to usenofp.o(x$fpl$usenofp) for __I$use$fp
    dmul.o(x$fpl$dmul) refers to dretinf.o(x$fpl$dretinf) for __fpl_dretinf
    dmul.o(x$fpl$dmul) refers to dnaninf.o(x$fpl$dnaninf) for __fpl_dnaninf
    f2d.o(x$fpl$f2d) refers (Special) to usenofp.o(x$fpl$usenofp) for __I$use$fp
    f2d.o(x$fpl$f2d) refers to fnaninf.o(x$fpl$fnaninf) for __fpl_fnaninf
    f2d.o(x$fpl$f2d) refers to dretinf.o(x$fpl$dretinf) for __fpl_dretinf
    faddsub_clz.o(x$fpl$fadd) refers (Special) to usenofp.o(x$fpl$usenofp) for __I$use$fp
    faddsub_clz.o(x$fpl$fadd) refers to faddsub_clz.o(x$fpl$fsub) for _fsub1
    faddsub_clz.o(x$fpl$fadd) refers to fretinf.o(x$fpl$fretinf) for __fpl_fretinf
    faddsub_clz.o(x$fpl$fadd) refers to fnaninf.o(x$fpl$fnaninf) for __fpl_fnaninf
    faddsub_clz.o(x$fpl$frsb) refers (Special) to usenofp.o(x$fpl$usenofp) for __I$use$fp
    faddsub_clz.o(x$fpl$frsb) refers to faddsub_clz.o(x$fpl$fadd) for _fadd1
    faddsub_clz.o(x$fpl$frsb) refers to faddsub_clz.o(x$fpl$fsub) for _fsub1
    faddsub_clz.o(x$fpl$fsub) refers (Special) to usenofp.o(x$fpl$usenofp) for __I$use$fp
    faddsub_clz.o(x$fpl$fsub) refers to faddsub_clz.o(x$fpl$fadd) for _fadd1
    faddsub_clz.o(x$fpl$fsub) refers to fnaninf.o(x$fpl$fnaninf) for __fpl_fnaninf
    ffix.o(x$fpl$ffix) refers (Special) to usenofp.o(x$fpl$usenofp) for __I$use$fp
    ffix.o(x$fpl$ffix) refers to fnaninf.o(x$fpl$fnaninf) for __fpl_fnaninf
    ffix.o(x$fpl$ffixr) refers (Special) to usenofp.o(x$fpl$usenofp) for __I$use$fp
    ffix.o(x$fpl$ffixr) refers to fnaninf.o(x$fpl$fnaninf) for __fpl_fnaninf
    fflt_clz.o(x$fpl$ffltu) refers (Special) to usenofp.o(x$fpl$usenofp) for __I$use$fp
    fflt_clz.o(x$fpl$fflt) refers (Special) to usenofp.o(x$fpl$usenofp) for __I$use$fp
    fflt_clz.o(x$fpl$ffltn) refers (Special) to usenofp.o(x$fpl$usenofp) for __I$use$fp
    pow.o(i.__softfp_pow) refers (Special) to usenofp.o(x$fpl$usenofp) for __I$use$fp
    pow.o(i.__softfp_pow) refers to pow.o(i.pow) for pow
    pow.o(i.pow) refers (Special) to usenofp.o(x$fpl$usenofp) for __I$use$fp
    pow.o(i.pow) refers to dunder.o(i.__mathlib_dbl_infnan2) for __mathlib_dbl_infnan2
    pow.o(i.pow) refers to _rserrno.o(.text) for __set_errno
    pow.o(i.pow) refers to dunder.o(i.__mathlib_dbl_divzero) for __mathlib_dbl_divzero
    pow.o(i.pow) refers to ddiv.o(x$fpl$ddiv) for __aeabi_ddiv
    pow.o(i.pow) refers to sqrt.o(i.sqrt) for sqrt
    pow.o(i.pow) refers to dmul.o(x$fpl$dmul) for __aeabi_dmul
    pow.o(i.pow) refers to dflt_clz.o(x$fpl$dflt) for __aeabi_i2d
    pow.o(i.pow) refers to dunder.o(i.__mathlib_dbl_invalid) for __mathlib_dbl_invalid
    pow.o(i.pow) refers to dunder.o(i.__mathlib_dbl_overflow) for __mathlib_dbl_overflow
    pow.o(i.pow) refers to dunder.o(i.__mathlib_dbl_underflow) for __mathlib_dbl_underflow
    pow.o(i.pow) refers to daddsub_clz.o(x$fpl$dsub) for __aeabi_dsub
    pow.o(i.pow) refers to scalbn.o(x$fpl$scalbn) for __ARM_scalbn
    pow.o(i.pow) refers to daddsub_clz.o(x$fpl$drsb) for __aeabi_drsub
    pow.o(i.pow) refers to daddsub_clz.o(x$fpl$dadd) for __aeabi_dadd
    pow.o(i.pow) refers to qnan.o(.constdata) for __mathlib_zero
    pow.o(i.pow) refers to poly.o(i.__kernel_poly) for __kernel_poly
    pow.o(i.pow) refers to drleqf.o(x$fpl$drleqf) for __aeabi_cdrcmple
    pow.o(i.pow) refers to pow.o(.constdata) for .constdata
    pow.o(i.pow) refers to fpclassify.o(i.__ARM_fpclassify) for __ARM_fpclassify
    pow.o(.constdata) refers (Special) to usenofp.o(x$fpl$usenofp) for __I$use$fp
    pow_x.o(i.____softfp_pow$lsc) refers (Special) to usenofp.o(x$fpl$usenofp) for __I$use$fp
    pow_x.o(i.____softfp_pow$lsc) refers to pow_x.o(i.__pow$lsc) for __pow$lsc
    pow_x.o(i.__pow$lsc) refers (Special) to usenofp.o(x$fpl$usenofp) for __I$use$fp
    pow_x.o(i.__pow$lsc) refers to dunder.o(i.__mathlib_dbl_infnan2) for __mathlib_dbl_infnan2
    pow_x.o(i.__pow$lsc) refers to _rserrno.o(.text) for __set_errno
    pow_x.o(i.__pow$lsc) refers to ddiv.o(x$fpl$ddiv) for __aeabi_ddiv
    pow_x.o(i.__pow$lsc) refers to sqrt.o(i.sqrt) for sqrt
    pow_x.o(i.__pow$lsc) refers to dmul.o(x$fpl$dmul) for __aeabi_dmul
    pow_x.o(i.__pow$lsc) refers to dflt_clz.o(x$fpl$dflt) for __aeabi_i2d
    pow_x.o(i.__pow$lsc) refers to daddsub_clz.o(x$fpl$dsub) for __aeabi_dsub
    pow_x.o(i.__pow$lsc) refers to scalbn.o(x$fpl$scalbn) for __ARM_scalbn
    pow_x.o(i.__pow$lsc) refers to daddsub_clz.o(x$fpl$drsb) for __aeabi_drsub
    pow_x.o(i.__pow$lsc) refers to daddsub_clz.o(x$fpl$dadd) for __aeabi_dadd
    pow_x.o(i.__pow$lsc) refers to qnan.o(.constdata) for __mathlib_zero
    pow_x.o(i.__pow$lsc) refers to poly.o(i.__kernel_poly) for __kernel_poly
    pow_x.o(i.__pow$lsc) refers to drleqf.o(x$fpl$drleqf) for __aeabi_cdrcmple
    pow_x.o(i.__pow$lsc) refers to pow_x.o(.constdata) for .constdata
    pow_x.o(.constdata) refers (Special) to usenofp.o(x$fpl$usenofp) for __I$use$fp
    __rtentry.o(.ARM.Collect$$rtentry$$00000000) refers (Special) to __rtentry2.o(.ARM.Collect$$rtentry$$0000000A) for __rt_entry_li
    __rtentry.o(.ARM.Collect$$rtentry$$00000000) refers (Special) to __rtentry2.o(.ARM.Collect$$rtentry$$0000000D) for __rt_entry_main
    __rtentry.o(.ARM.Collect$$rtentry$$00000000) refers (Special) to __rtentry2.o(.ARM.Collect$$rtentry$$0000000C) for __rt_entry_postli_1
    __rtentry.o(.ARM.Collect$$rtentry$$00000000) refers (Special) to __rtentry2.o(.ARM.Collect$$rtentry$$00000009) for __rt_entry_postsh_1
    __rtentry.o(.ARM.Collect$$rtentry$$00000000) refers (Special) to __rtentry2.o(.ARM.Collect$$rtentry$$00000002) for __rt_entry_presh_1
    __rtentry.o(.ARM.Collect$$rtentry$$00000000) refers (Special) to __rtentry4.o(.ARM.Collect$$rtentry$$00000004) for __rt_entry_sh
    aeabi_ldiv0_sigfpe.o(.text) refers to rt_div0.o(.text) for __rt_div0
    _rserrno.o(.text) refers to rt_errno_addr_intlibspace.o(.text) for __aeabi_errno_addr
    dcmpi.o(x$fpl$dcmpinf) refers (Special) to usenofp.o(x$fpl$usenofp) for __I$use$fp
    dnaninf.o(x$fpl$dnaninf) refers (Special) to usenofp.o(x$fpl$usenofp) for __I$use$fp
    dretinf.o(x$fpl$dretinf) refers (Special) to usenofp.o(x$fpl$usenofp) for __I$use$fp
    drleqf.o(x$fpl$drleqf) refers (Special) to usenofp.o(x$fpl$usenofp) for __I$use$fp
    drleqf.o(x$fpl$drleqf) refers to dleqf.o(x$fpl$dleqf) for __fpl_dcmple_InfNaN
    fnaninf.o(x$fpl$fnaninf) refers (Special) to usenofp.o(x$fpl$usenofp) for __I$use$fp
    fretinf.o(x$fpl$fretinf) refers (Special) to usenofp.o(x$fpl$usenofp) for __I$use$fp
    scalbn.o(x$fpl$scalbn) refers (Special) to usenofp.o(x$fpl$usenofp) for __I$use$fp
    scalbn.o(x$fpl$scalbn) refers to dcheck1.o(x$fpl$dcheck1) for __fpl_dcheck_NaN1
    dunder.o(i.__mathlib_dbl_divzero) refers to ddiv.o(x$fpl$ddiv) for __aeabi_ddiv
    dunder.o(i.__mathlib_dbl_infnan) refers to scalbn.o(x$fpl$scalbn) for __ARM_scalbn
    dunder.o(i.__mathlib_dbl_infnan2) refers to daddsub_clz.o(x$fpl$dadd) for __aeabi_dadd
    dunder.o(i.__mathlib_dbl_invalid) refers to ddiv.o(x$fpl$ddiv) for __aeabi_ddiv
    dunder.o(i.__mathlib_dbl_overflow) refers to scalbn.o(x$fpl$scalbn) for __ARM_scalbn
    dunder.o(i.__mathlib_dbl_posinfnan) refers to dmul.o(x$fpl$dmul) for __aeabi_dmul
    dunder.o(i.__mathlib_dbl_underflow) refers to scalbn.o(x$fpl$scalbn) for __ARM_scalbn
    fpclassify.o(i.__ARM_fpclassify) refers (Special) to usenofp.o(x$fpl$usenofp) for __I$use$fp
    poly.o(i.__kernel_poly) refers (Special) to usenofp.o(x$fpl$usenofp) for __I$use$fp
    poly.o(i.__kernel_poly) refers to dmul.o(x$fpl$dmul) for __aeabi_dmul
    poly.o(i.__kernel_poly) refers to daddsub_clz.o(x$fpl$dadd) for __aeabi_dadd
    qnan.o(.constdata) refers (Special) to usenofp.o(x$fpl$usenofp) for __I$use$fp
    sqrt.o(i.__softfp_sqrt) refers (Special) to usenofp.o(x$fpl$usenofp) for __I$use$fp
    sqrt.o(i.__softfp_sqrt) refers to dsqrt_noumaal.o(x$fpl$dsqrt) for _dsqrt
    sqrt.o(i.__softfp_sqrt) refers to _rserrno.o(.text) for __set_errno
    sqrt.o(i.sqrt) refers (Special) to usenofp.o(x$fpl$usenofp) for __I$use$fp
    sqrt.o(i.sqrt) refers to dsqrt_noumaal.o(x$fpl$dsqrt) for _dsqrt
    sqrt.o(i.sqrt) refers to _rserrno.o(.text) for __set_errno
    sqrt_x.o(i.____softfp_sqrt$lsc) refers (Special) to usenofp.o(x$fpl$usenofp) for __I$use$fp
    sqrt_x.o(i.____softfp_sqrt$lsc) refers to dleqf.o(x$fpl$dleqf) for __aeabi_cdcmple
    sqrt_x.o(i.____softfp_sqrt$lsc) refers to _rserrno.o(.text) for __set_errno
    sqrt_x.o(i.____softfp_sqrt$lsc) refers to dsqrt_noumaal.o(x$fpl$dsqrt) for _dsqrt
    sqrt_x.o(i.__sqrt$lsc) refers (Special) to usenofp.o(x$fpl$usenofp) for __I$use$fp
    sqrt_x.o(i.__sqrt$lsc) refers to dleqf.o(x$fpl$dleqf) for __aeabi_cdcmple
    sqrt_x.o(i.__sqrt$lsc) refers to _rserrno.o(.text) for __set_errno
    sqrt_x.o(i.__sqrt$lsc) refers to dsqrt_noumaal.o(x$fpl$dsqrt) for _dsqrt
    __rtentry2.o(.ARM.Collect$$rtentry$$00000008) refers to boardinit2.o(.text) for _platform_post_stackheap_init
    __rtentry2.o(.ARM.Collect$$rtentry$$0000000A) refers to libinit.o(.ARM.Collect$$libinit$$00000000) for __rt_lib_init
    __rtentry2.o(.ARM.Collect$$rtentry$$0000000B) refers to boardinit3.o(.text) for _platform_post_lib_init
    __rtentry2.o(.ARM.Collect$$rtentry$$0000000D) refers to main.o(i.main) for main
    __rtentry2.o(.ARM.Collect$$rtentry$$0000000D) refers to exit.o(.text) for exit
    __rtentry2.o(.ARM.exidx) refers to __rtentry2.o(.ARM.Collect$$rtentry$$00000001) for .ARM.Collect$$rtentry$$00000001
    __rtentry2.o(.ARM.exidx) refers to __rtentry2.o(.ARM.Collect$$rtentry$$00000008) for .ARM.Collect$$rtentry$$00000008
    __rtentry2.o(.ARM.exidx) refers to __rtentry2.o(.ARM.Collect$$rtentry$$0000000A) for .ARM.Collect$$rtentry$$0000000A
    __rtentry2.o(.ARM.exidx) refers to __rtentry2.o(.ARM.Collect$$rtentry$$0000000B) for .ARM.Collect$$rtentry$$0000000B
    __rtentry2.o(.ARM.exidx) refers to __rtentry2.o(.ARM.Collect$$rtentry$$0000000D) for .ARM.Collect$$rtentry$$0000000D
    __rtentry4.o(.ARM.Collect$$rtentry$$00000004) refers to sys_stackheap_outer.o(.text) for __user_setup_stackheap
    __rtentry4.o(.ARM.exidx) refers to __rtentry4.o(.ARM.Collect$$rtentry$$00000004) for .ARM.Collect$$rtentry$$00000004
    rt_div0.o(.text) refers to defsig_fpe_outer.o(.text) for __rt_SIGFPE
    rt_errno_addr.o(.text) refers to rt_errno_addr.o(.bss) for __aeabi_errno_addr_data
    rt_errno_addr_intlibspace.o(.text) refers to libspace.o(.bss) for __libspace_start
    dcheck1.o(x$fpl$dcheck1) refers (Special) to usenofp.o(x$fpl$usenofp) for __I$use$fp
    dcheck1.o(x$fpl$dcheck1) refers to retnan.o(x$fpl$retnan) for __fpl_return_NaN
    dsqrt_noumaal.o(x$fpl$dsqrt) refers (Special) to usenofp.o(x$fpl$usenofp) for __I$use$fp
    dsqrt_noumaal.o(x$fpl$dsqrt) refers to dnaninf.o(x$fpl$dnaninf) for __fpl_dnaninf
    libspace.o(.text) refers to libspace.o(.bss) for __libspace_start
    sys_stackheap_outer.o(.text) refers to libspace.o(.text) for __user_perproc_libspace
    sys_stackheap_outer.o(.text) refers to startup_lpc17xx.o(.text) for __user_initial_stackheap
    exit.o(.text) refers to rtexit.o(.ARM.Collect$$rtexit$$00000000) for __rt_exit
    defsig_fpe_outer.o(.text) refers to defsig_fpe_inner.o(.text) for __rt_SIGFPE_inner
    defsig_fpe_outer.o(.text) refers to defsig_exit.o(.text) for __sig_exit
    defsig_fpe_formal.o(.text) refers to rt_raise.o(.text) for __rt_raise
    libinit.o(.ARM.Collect$$libinit$$00000000) refers (Special) to libinit2.o(.ARM.Collect$$libinit$$0000002E) for __rt_lib_init_alloca_1
    libinit.o(.ARM.Collect$$libinit$$00000000) refers (Special) to libinit2.o(.ARM.Collect$$libinit$$0000002C) for __rt_lib_init_argv_1
    libinit.o(.ARM.Collect$$libinit$$00000000) refers (Special) to libinit2.o(.ARM.Collect$$libinit$$0000001B) for __rt_lib_init_atexit_1
    libinit.o(.ARM.Collect$$libinit$$00000000) refers (Special) to libinit2.o(.ARM.Collect$$libinit$$00000021) for __rt_lib_init_clock_1
    libinit.o(.ARM.Collect$$libinit$$00000000) refers (Special) to libinit2.o(.ARM.Collect$$libinit$$00000032) for __rt_lib_init_cpp_1
    libinit.o(.ARM.Collect$$libinit$$00000000) refers (Special) to libinit2.o(.ARM.Collect$$libinit$$00000030) for __rt_lib_init_exceptions_1
    libinit.o(.ARM.Collect$$libinit$$00000000) refers (Special) to libinit2.o(.ARM.Collect$$libinit$$00000002) for __rt_lib_init_fp_1
    libinit.o(.ARM.Collect$$libinit$$00000000) refers (Special) to libinit2.o(.ARM.Collect$$libinit$$0000001F) for __rt_lib_init_fp_trap_1
    libinit.o(.ARM.Collect$$libinit$$00000000) refers (Special) to libinit2.o(.ARM.Collect$$libinit$$00000023) for __rt_lib_init_getenv_1
    libinit.o(.ARM.Collect$$libinit$$00000000) refers (Special) to libinit2.o(.ARM.Collect$$libinit$$0000000A) for __rt_lib_init_heap_1
    libinit.o(.ARM.Collect$$libinit$$00000000) refers (Special) to libinit2.o(.ARM.Collect$$libinit$$00000011) for __rt_lib_init_lc_collate_1
    libinit.o(.ARM.Collect$$libinit$$00000000) refers (Special) to libinit2.o(.ARM.Collect$$libinit$$00000013) for __rt_lib_init_lc_ctype_1
    libinit.o(.ARM.Collect$$libinit$$00000000) refers (Special) to libinit2.o(.ARM.Collect$$libinit$$00000015) for __rt_lib_init_lc_monetary_1
    libinit.o(.ARM.Collect$$libinit$$00000000) refers (Special) to libinit2.o(.ARM.Collect$$libinit$$00000017) for __rt_lib_init_lc_numeric_1
    libinit.o(.ARM.Collect$$libinit$$00000000) refers (Special) to libinit2.o(.ARM.Collect$$libinit$$00000019) for __rt_lib_init_lc_time_1
    libinit.o(.ARM.Collect$$libinit$$00000000) refers (Special) to libinit2.o(.ARM.Collect$$libinit$$00000004) for __rt_lib_init_preinit_1
    libinit.o(.ARM.Collect$$libinit$$00000000) refers (Special) to libinit2.o(.ARM.Collect$$libinit$$0000000E) for __rt_lib_init_rand_1
    libinit.o(.ARM.Collect$$libinit$$00000000) refers (Special) to libinit2.o(.ARM.Collect$$libinit$$00000033) for __rt_lib_init_return
    libinit.o(.ARM.Collect$$libinit$$00000000) refers (Special) to libinit2.o(.ARM.Collect$$libinit$$0000001D) for __rt_lib_init_signal_1
    libinit.o(.ARM.Collect$$libinit$$00000000) refers (Special) to libinit2.o(.ARM.Collect$$libinit$$00000025) for __rt_lib_init_stdio_1
    libinit.o(.ARM.Collect$$libinit$$00000000) refers (Special) to libinit2.o(.ARM.Collect$$libinit$$0000000C) for __rt_lib_init_user_alloc_1
    retnan.o(x$fpl$retnan) refers (Special) to usenofp.o(x$fpl$usenofp) for __I$use$fp
    retnan.o(x$fpl$retnan) refers to trapv.o(x$fpl$trapveneer) for __fpl_cmpreturn
    rtexit.o(.ARM.Collect$$rtexit$$00000000) refers (Special) to rtexit2.o(.ARM.Collect$$rtexit$$00000004) for __rt_exit_exit
    rtexit.o(.ARM.Collect$$rtexit$$00000000) refers (Special) to rtexit2.o(.ARM.Collect$$rtexit$$00000003) for __rt_exit_ls
    rtexit.o(.ARM.Collect$$rtexit$$00000000) refers (Special) to rtexit2.o(.ARM.Collect$$rtexit$$00000002) for __rt_exit_prels_1
    rtexit.o(.ARM.exidx) refers (Special) to rtexit2.o(.ARM.Collect$$rtexit$$00000004) for __rt_exit_exit
    rtexit.o(.ARM.exidx) refers (Special) to rtexit2.o(.ARM.Collect$$rtexit$$00000003) for __rt_exit_ls
    rtexit.o(.ARM.exidx) refers (Special) to rtexit2.o(.ARM.Collect$$rtexit$$00000002) for __rt_exit_prels_1
    rtexit.o(.ARM.exidx) refers to rtexit.o(.ARM.Collect$$rtexit$$00000000) for .ARM.Collect$$rtexit$$00000000
    rt_raise.o(.text) refers to __raise.o(.text) for __raise
    rt_raise.o(.text) refers to sys_exit.o(.text) for _sys_exit
    defsig_exit.o(.text) refers to sys_exit.o(.text) for _sys_exit
    defsig_fpe_inner.o(.text) refers to defsig_general.o(.text) for __default_signal_display
    libinit2.o(.ARM.Collect$$libinit$$00000010) refers to libinit2.o(.ARM.Collect$$libinit$$0000000F) for .ARM.Collect$$libinit$$0000000F
    libinit2.o(.ARM.Collect$$libinit$$00000012) refers to libinit2.o(.ARM.Collect$$libinit$$0000000F) for .ARM.Collect$$libinit$$0000000F
    libinit2.o(.ARM.Collect$$libinit$$00000014) refers to libinit2.o(.ARM.Collect$$libinit$$0000000F) for .ARM.Collect$$libinit$$0000000F
    libinit2.o(.ARM.Collect$$libinit$$00000016) refers to libinit2.o(.ARM.Collect$$libinit$$0000000F) for .ARM.Collect$$libinit$$0000000F
    libinit2.o(.ARM.Collect$$libinit$$00000018) refers to libinit2.o(.ARM.Collect$$libinit$$0000000F) for .ARM.Collect$$libinit$$0000000F
    libinit2.o(.ARM.Collect$$libinit$$00000026) refers to argv_veneer.o(.emb_text) for __ARM_argv_veneer
    libinit2.o(.ARM.Collect$$libinit$$00000027) refers to argv_veneer.o(.emb_text) for __ARM_argv_veneer
    trapv.o(x$fpl$trapveneer) refers (Special) to usenofp.o(x$fpl$usenofp) for __I$use$fp
    sys_exit.o(.text) refers (Special) to use_no_semi.o(.text) for __I$use$semihosting
    sys_exit.o(.text) refers (Special) to indicate_semi.o(.text) for __semihosting_library_function
    rtexit2.o(.ARM.Collect$$rtexit$$00000003) refers to libshutdown.o(.ARM.Collect$$libshutdown$$00000000) for __rt_lib_shutdown
    rtexit2.o(.ARM.Collect$$rtexit$$00000004) refers to sys_exit.o(.text) for _sys_exit
    rtexit2.o(.ARM.exidx) refers to rtexit2.o(.ARM.Collect$$rtexit$$00000001) for .ARM.Collect$$rtexit$$00000001
    rtexit2.o(.ARM.exidx) refers to rtexit2.o(.ARM.Collect$$rtexit$$00000003) for .ARM.Collect$$rtexit$$00000003
    rtexit2.o(.ARM.exidx) refers to rtexit2.o(.ARM.Collect$$rtexit$$00000004) for .ARM.Collect$$rtexit$$00000004
    __raise.o(.text) refers to defsig.o(CL$$defsig) for __default_signal_handler
    defsig_general.o(.text) refers to sys_wrch.o(.text) for _ttywrch
    argv_veneer.o(.emb_text) refers to no_argv.o(.text) for __ARM_get_argv
    sys_wrch.o(.text) refers (Special) to use_no_semi.o(.text) for __I$use$semihosting
    sys_wrch.o(.text) refers (Special) to indicate_semi.o(.text) for __semihosting_library_function
    defsig.o(CL$$defsig) refers to defsig_fpe_inner.o(.text) for __rt_SIGFPE_inner
    defsig.o(CL$$defsig) refers to defsig_rtmem_inner.o(.text) for __rt_SIGRTMEM_inner
    _get_argv_nomalloc.o(.text) refers (Special) to hrguard.o(.text) for __heap_region$guard
    _get_argv_nomalloc.o(.text) refers to defsig_rtmem_outer.o(.text) for __rt_SIGRTMEM
    _get_argv_nomalloc.o(.text) refers to sys_command.o(.text) for _sys_command_string
    libshutdown.o(.ARM.Collect$$libshutdown$$00000000) refers (Special) to libshutdown2.o(.ARM.Collect$$libshutdown$$00000002) for __rt_lib_shutdown_cpp_1
    libshutdown.o(.ARM.Collect$$libshutdown$$00000000) refers (Special) to libshutdown2.o(.ARM.Collect$$libshutdown$$00000007) for __rt_lib_shutdown_fp_trap_1
    libshutdown.o(.ARM.Collect$$libshutdown$$00000000) refers (Special) to libshutdown2.o(.ARM.Collect$$libshutdown$$0000000F) for __rt_lib_shutdown_heap_1
    libshutdown.o(.ARM.Collect$$libshutdown$$00000000) refers (Special) to libshutdown2.o(.ARM.Collect$$libshutdown$$00000010) for __rt_lib_shutdown_return
    libshutdown.o(.ARM.Collect$$libshutdown$$00000000) refers (Special) to libshutdown2.o(.ARM.Collect$$libshutdown$$0000000A) for __rt_lib_shutdown_signal_1
    libshutdown.o(.ARM.Collect$$libshutdown$$00000000) refers (Special) to libshutdown2.o(.ARM.Collect$$libshutdown$$00000004) for __rt_lib_shutdown_stdio_1
    libshutdown.o(.ARM.Collect$$libshutdown$$00000000) refers (Special) to libshutdown2.o(.ARM.Collect$$libshutdown$$0000000C) for __rt_lib_shutdown_user_alloc_1
    sys_command.o(.text) refers (Special) to use_no_semi.o(.text) for __I$use$semihosting
    sys_command.o(.text) refers (Special) to indicate_semi.o(.text) for __semihosting_library_function
    defsig_abrt_inner.o(.text) refers to defsig_general.o(.text) for __default_signal_display
    defsig_rtred_inner.o(.text) refers to defsig_general.o(.text) for __default_signal_display
    defsig_rtmem_inner.o(.text) refers to defsig_general.o(.text) for __default_signal_display
    defsig_rtmem_outer.o(.text) refers to defsig_rtmem_inner.o(.text) for __rt_SIGRTMEM_inner
    defsig_rtmem_outer.o(.text) refers to defsig_exit.o(.text) for __sig_exit
    defsig_rtmem_formal.o(.text) refers to rt_raise.o(.text) for __rt_raise
    defsig_stak_inner.o(.text) refers to defsig_general.o(.text) for __default_signal_display
    defsig_pvfn_inner.o(.text) refers to defsig_general.o(.text) for __default_signal_display
    defsig_cppl_inner.o(.text) refers to defsig_general.o(.text) for __default_signal_display
    defsig_segv_inner.o(.text) refers to defsig_general.o(.text) for __default_signal_display
    defsig_other.o(.text) refers to defsig_general.o(.text) for __default_signal_display


==============================================================================

Removing Unused input sections from the image.

    Removing bitbytenumber.o(.rev16_text), (4 bytes).
    Removing bitbytenumber.o(.revsh_text), (4 bytes).
    Removing bitbytenumber.o(.rrx_text), (6 bytes).
    Removing delay.o(.rev16_text), (4 bytes).
    Removing delay.o(.revsh_text), (4 bytes).
    Removing delay.o(.rrx_text), (6 bytes).
    Removing delay.o(i.delayMs_Timer0), (50 bytes).
    Removing delay.o(i.delayS), (24 bytes).
    Removing delay.o(i.delayS_Timer0), (52 bytes).
    Removing delay.o(i.delayUs_Timer0), (52 bytes).
    Removing eeprom.o(.rev16_text), (4 bytes).
    Removing eeprom.o(.revsh_text), (4 bytes).
    Removing eeprom.o(.rrx_text), (6 bytes).
    Removing eeprom.o(i.EEPROM_Erase), (88 bytes).
    Removing eeprom.o(i.EEPROM_ReadStringPage), (72 bytes).
    Removing eeprom.o(i.EEPROM_WriteStringPage), (96 bytes).
    Removing gpio.o(.rev16_text), (4 bytes).
    Removing gpio.o(.revsh_text), (4 bytes).
    Removing gpio.o(.rrx_text), (6 bytes).
    Removing gpio.o(i.pinFunction), (64 bytes).
    Removing main.o(.rev16_text), (4 bytes).
    Removing main.o(.revsh_text), (4 bytes).
    Removing main.o(.rrx_text), (6 bytes).
    Removing softi2c.o(.rev16_text), (4 bytes).
    Removing softi2c.o(.revsh_text), (4 bytes).
    Removing softi2c.o(.rrx_text), (6 bytes).
    Removing system_lpc17xx_1.o(.rev16_text), (4 bytes).
    Removing system_lpc17xx_1.o(.revsh_text), (4 bytes).
    Removing system_lpc17xx_1.o(.rrx_text), (6 bytes).
    Removing system_lpc17xx_1.o(i.SystemCoreClockUpdate), (424 bytes).
    Removing system_lpc17xx_1.o(.data), (4 bytes).

31 unused section(s) (total 1024 bytes) removed from the image.

==============================================================================

Image Symbol Table

    Local Symbols

    Symbol Name                              Value     Ov Type        Size  Object(Section)

    RESET                                    0x00000000   Section      204  startup_lpc17xx.o(RESET)
    ../clib/angel/boardlib.s                 0x00000000   Number         0  boardshut.o ABSOLUTE
    ../clib/angel/boardlib.s                 0x00000000   Number         0  boardinit1.o ABSOLUTE
    ../clib/angel/boardlib.s                 0x00000000   Number         0  boardinit3.o ABSOLUTE
    ../clib/angel/boardlib.s                 0x00000000   Number         0  boardinit2.o ABSOLUTE
    ../clib/angel/handlers.s                 0x00000000   Number         0  __scatter_zi.o ABSOLUTE
    ../clib/angel/handlers.s                 0x00000000   Number         0  __scatter_copy.o ABSOLUTE
    ../clib/angel/kernel.s                   0x00000000   Number         0  __rtentry.o ABSOLUTE
    ../clib/angel/kernel.s                   0x00000000   Number         0  __rtentry2.o ABSOLUTE
    ../clib/angel/kernel.s                   0x00000000   Number         0  rtexit.o ABSOLUTE
    ../clib/angel/kernel.s                   0x00000000   Number         0  rtexit2.o ABSOLUTE
    ../clib/angel/kernel.s                   0x00000000   Number         0  __rtentry4.o ABSOLUTE
    ../clib/angel/rt.s                       0x00000000   Number         0  rt_div0.o ABSOLUTE
    ../clib/angel/rt.s                       0x00000000   Number         0  rt_errno_addr_intlibspace.o ABSOLUTE
    ../clib/angel/rt.s                       0x00000000   Number         0  rt_errno_addr.o ABSOLUTE
    ../clib/angel/rt.s                       0x00000000   Number         0  aeabi_ldiv0_sigfpe.o ABSOLUTE
    ../clib/angel/rt.s                       0x00000000   Number         0  aeabi_ldiv0.o ABSOLUTE
    ../clib/angel/rt.s                       0x00000000   Number         0  rt_raise.o ABSOLUTE
    ../clib/angel/scatter.s                  0x00000000   Number         0  __scatter.o ABSOLUTE
    ../clib/angel/startup.s                  0x00000000   Number         0  __main.o ABSOLUTE
    ../clib/angel/sys.s                      0x00000000   Number         0  libspace.o ABSOLUTE
    ../clib/angel/sys.s                      0x00000000   Number         0  sys_stackheap_outer.o ABSOLUTE
    ../clib/angel/sys.s                      0x00000000   Number         0  indicate_semi.o ABSOLUTE
    ../clib/angel/sys.s                      0x00000000   Number         0  use_no_semi.o ABSOLUTE
    ../clib/angel/sysapp.c                   0x00000000   Number         0  sys_command.o ABSOLUTE
    ../clib/angel/sysapp.c                   0x00000000   Number         0  sys_wrch.o ABSOLUTE
    ../clib/angel/sysapp.c                   0x00000000   Number         0  sys_exit.o ABSOLUTE
    ../clib/armsys.c                         0x00000000   Number         0  _get_argv_nomalloc.o ABSOLUTE
    ../clib/armsys.c                         0x00000000   Number         0  no_argv.o ABSOLUTE
    ../clib/armsys.c                         0x00000000   Number         0  argv_veneer.o ABSOLUTE
    ../clib/armsys.c                         0x00000000   Number         0  argv_veneer.o ABSOLUTE
    ../clib/fenv.c                           0x00000000   Number         0  _rserrno.o ABSOLUTE
    ../clib/heapalloc.c                      0x00000000   Number         0  hrguard.o ABSOLUTE
    ../clib/heapaux.c                        0x00000000   Number         0  heapauxi.o ABSOLUTE
    ../clib/libinit.s                        0x00000000   Number         0  libinit2.o ABSOLUTE
    ../clib/libinit.s                        0x00000000   Number         0  libshutdown.o ABSOLUTE
    ../clib/libinit.s                        0x00000000   Number         0  libinit.o ABSOLUTE
    ../clib/libinit.s                        0x00000000   Number         0  libshutdown2.o ABSOLUTE
    ../clib/longlong.s                       0x00000000   Number         0  lludivv7m.o ABSOLUTE
    ../clib/signal.c                         0x00000000   Number         0  defsig_abrt_inner.o ABSOLUTE
    ../clib/signal.c                         0x00000000   Number         0  defsig_segv_inner.o ABSOLUTE
    ../clib/signal.c                         0x00000000   Number         0  defsig_fpe_outer.o ABSOLUTE
    ../clib/signal.c                         0x00000000   Number         0  defsig_fpe_formal.o ABSOLUTE
    ../clib/signal.c                         0x00000000   Number         0  defsig_cppl_inner.o ABSOLUTE
    ../clib/signal.c                         0x00000000   Number         0  defsig_fpe_inner.o ABSOLUTE
    ../clib/signal.c                         0x00000000   Number         0  defsig_exit.o ABSOLUTE
    ../clib/signal.c                         0x00000000   Number         0  defsig_pvfn_inner.o ABSOLUTE
    ../clib/signal.c                         0x00000000   Number         0  defsig_rtmem_formal.o ABSOLUTE
    ../clib/signal.c                         0x00000000   Number         0  defsig_stak_inner.o ABSOLUTE
    ../clib/signal.c                         0x00000000   Number         0  defsig_rtmem_outer.o ABSOLUTE
    ../clib/signal.c                         0x00000000   Number         0  defsig_other.o ABSOLUTE
    ../clib/signal.c                         0x00000000   Number         0  defsig_rtmem_inner.o ABSOLUTE
    ../clib/signal.c                         0x00000000   Number         0  defsig_general.o ABSOLUTE
    ../clib/signal.c                         0x00000000   Number         0  __raise.o ABSOLUTE
    ../clib/signal.c                         0x00000000   Number         0  defsig_rtred_inner.o ABSOLUTE
    ../clib/signal.s                         0x00000000   Number         0  defsig.o ABSOLUTE
    ../clib/stdlib.c                         0x00000000   Number         0  exit.o ABSOLUTE
    ../fplib/d2f.s                           0x00000000   Number         0  d2f.o ABSOLUTE
    ../fplib/daddsub.s                       0x00000000   Number         0  daddsub_clz.o ABSOLUTE
    ../fplib/dcheck1.s                       0x00000000   Number         0  dcheck1.o ABSOLUTE
    ../fplib/dcmpi.s                         0x00000000   Number         0  dcmpi.o ABSOLUTE
    ../fplib/ddiv.s                          0x00000000   Number         0  ddiv.o ABSOLUTE
    ../fplib/dflt.s                          0x00000000   Number         0  dflt_clz.o ABSOLUTE
    ../fplib/dleqf.s                         0x00000000   Number         0  dleqf.o ABSOLUTE
    ../fplib/dmul.s                          0x00000000   Number         0  dmul.o ABSOLUTE
    ../fplib/dnaninf.s                       0x00000000   Number         0  dnaninf.o ABSOLUTE
    ../fplib/dretinf.s                       0x00000000   Number         0  dretinf.o ABSOLUTE
    ../fplib/drleqf.s                        0x00000000   Number         0  drleqf.o ABSOLUTE
    ../fplib/dsqrt.s                         0x00000000   Number         0  dsqrt_noumaal.o ABSOLUTE
    ../fplib/f2d.s                           0x00000000   Number         0  f2d.o ABSOLUTE
    ../fplib/faddsub.s                       0x00000000   Number         0  faddsub_clz.o ABSOLUTE
    ../fplib/ffix.s                          0x00000000   Number         0  ffix.o ABSOLUTE
    ../fplib/fflt.s                          0x00000000   Number         0  fflt_clz.o ABSOLUTE
    ../fplib/fnaninf.s                       0x00000000   Number         0  fnaninf.o ABSOLUTE
    ../fplib/fpinit.s                        0x00000000   Number         0  fpinit.o ABSOLUTE
    ../fplib/fretinf.s                       0x00000000   Number         0  fretinf.o ABSOLUTE
    ../fplib/retnan.s                        0x00000000   Number         0  retnan.o ABSOLUTE
    ../fplib/scalbn.s                        0x00000000   Number         0  scalbn.o ABSOLUTE
    ../fplib/trapv.s                         0x00000000   Number         0  trapv.o ABSOLUTE
    ../fplib/usenofp.s                       0x00000000   Number         0  usenofp.o ABSOLUTE
    ../mathlib/dunder.c                      0x00000000   Number         0  dunder.o ABSOLUTE
    ../mathlib/fpclassify.c                  0x00000000   Number         0  fpclassify.o ABSOLUTE
    ../mathlib/poly.c                        0x00000000   Number         0  poly.o ABSOLUTE
    ../mathlib/pow.c                         0x00000000   Number         0  pow_x.o ABSOLUTE
    ../mathlib/pow.c                         0x00000000   Number         0  pow.o ABSOLUTE
    ../mathlib/qnan.c                        0x00000000   Number         0  qnan.o ABSOLUTE
    ../mathlib/sqrt.c                        0x00000000   Number         0  sqrt_x.o ABSOLUTE
    ../mathlib/sqrt.c                        0x00000000   Number         0  sqrt.o ABSOLUTE
    BitByteNumber.c                          0x00000000   Number         0  bitbytenumber.o ABSOLUTE
    BitByteNumber.c                          0x00000000   Number         0  bitbytenumber.o ABSOLUTE
    RTE\Device\LPC1768\startup_LPC17xx.s     0x00000000   Number         0  startup_lpc17xx.o ABSOLUTE
    RTE\Device\LPC1768\system_LPC17xx.c      0x00000000   Number         0  system_lpc17xx_1.o ABSOLUTE
    RTE\\Device\\LPC1768\\system_LPC17xx.c   0x00000000   Number         0  system_lpc17xx_1.o ABSOLUTE
    dc.s                                     0x00000000   Number         0  dc.o ABSOLUTE
    delay.c                                  0x00000000   Number         0  delay.o ABSOLUTE
    delay.c                                  0x00000000   Number         0  delay.o ABSOLUTE
    eeprom.c                                 0x00000000   Number         0  eeprom.o ABSOLUTE
    eeprom.c                                 0x00000000   Number         0  eeprom.o ABSOLUTE
    gpio.c                                   0x00000000   Number         0  gpio.o ABSOLUTE
    gpio.c                                   0x00000000   Number         0  gpio.o ABSOLUTE
    main.c                                   0x00000000   Number         0  main.o ABSOLUTE
    main.c                                   0x00000000   Number         0  main.o ABSOLUTE
    softi2c.c                                0x00000000   Number         0  softi2c.o ABSOLUTE
    softi2c.c                                0x00000000   Number         0  softi2c.o ABSOLUTE
    !!!main                                  0x000000cc   Section        8  __main.o(!!!main)
    !!!scatter                               0x000000d4   Section       52  __scatter.o(!!!scatter)
    !!handler_copy                           0x00000108   Section       26  __scatter_copy.o(!!handler_copy)
    !!handler_zi                             0x00000124   Section       28  __scatter_zi.o(!!handler_zi)
    .ARM.Collect$$libinit$$00000000          0x00000140   Section        2  libinit.o(.ARM.Collect$$libinit$$00000000)
    .ARM.Collect$$libinit$$00000002          0x00000142   Section        0  libinit2.o(.ARM.Collect$$libinit$$00000002)
    .ARM.Collect$$libinit$$00000004          0x00000142   Section        0  libinit2.o(.ARM.Collect$$libinit$$00000004)
    .ARM.Collect$$libinit$$0000000A          0x00000142   Section        0  libinit2.o(.ARM.Collect$$libinit$$0000000A)
    .ARM.Collect$$libinit$$0000000C          0x00000142   Section        0  libinit2.o(.ARM.Collect$$libinit$$0000000C)
    .ARM.Collect$$libinit$$0000000E          0x00000142   Section        0  libinit2.o(.ARM.Collect$$libinit$$0000000E)
    .ARM.Collect$$libinit$$00000011          0x00000142   Section        0  libinit2.o(.ARM.Collect$$libinit$$00000011)
    .ARM.Collect$$libinit$$00000013          0x00000142   Section        0  libinit2.o(.ARM.Collect$$libinit$$00000013)
    .ARM.Collect$$libinit$$00000015          0x00000142   Section        0  libinit2.o(.ARM.Collect$$libinit$$00000015)
    .ARM.Collect$$libinit$$00000017          0x00000142   Section        0  libinit2.o(.ARM.Collect$$libinit$$00000017)
    .ARM.Collect$$libinit$$00000019          0x00000142   Section        0  libinit2.o(.ARM.Collect$$libinit$$00000019)
    .ARM.Collect$$libinit$$0000001B          0x00000142   Section        0  libinit2.o(.ARM.Collect$$libinit$$0000001B)
    .ARM.Collect$$libinit$$0000001D          0x00000142   Section        0  libinit2.o(.ARM.Collect$$libinit$$0000001D)
    .ARM.Collect$$libinit$$0000001F          0x00000142   Section        0  libinit2.o(.ARM.Collect$$libinit$$0000001F)
    .ARM.Collect$$libinit$$00000021          0x00000142   Section        0  libinit2.o(.ARM.Collect$$libinit$$00000021)
    .ARM.Collect$$libinit$$00000023          0x00000142   Section        0  libinit2.o(.ARM.Collect$$libinit$$00000023)
    .ARM.Collect$$libinit$$00000025          0x00000142   Section        0  libinit2.o(.ARM.Collect$$libinit$$00000025)
    .ARM.Collect$$libinit$$0000002C          0x00000142   Section        0  libinit2.o(.ARM.Collect$$libinit$$0000002C)
    .ARM.Collect$$libinit$$0000002E          0x00000142   Section        0  libinit2.o(.ARM.Collect$$libinit$$0000002E)
    .ARM.Collect$$libinit$$00000030          0x00000142   Section        0  libinit2.o(.ARM.Collect$$libinit$$00000030)
    .ARM.Collect$$libinit$$00000032          0x00000142   Section        0  libinit2.o(.ARM.Collect$$libinit$$00000032)
    .ARM.Collect$$libinit$$00000033          0x00000142   Section        2  libinit2.o(.ARM.Collect$$libinit$$00000033)
    .ARM.Collect$$libshutdown$$00000000      0x00000144   Section        2  libshutdown.o(.ARM.Collect$$libshutdown$$00000000)
    .ARM.Collect$$libshutdown$$00000002      0x00000146   Section        0  libshutdown2.o(.ARM.Collect$$libshutdown$$00000002)
    .ARM.Collect$$libshutdown$$00000004      0x00000146   Section        0  libshutdown2.o(.ARM.Collect$$libshutdown$$00000004)
    .ARM.Collect$$libshutdown$$00000007      0x00000146   Section        0  libshutdown2.o(.ARM.Collect$$libshutdown$$00000007)
    .ARM.Collect$$libshutdown$$0000000A      0x00000146   Section        0  libshutdown2.o(.ARM.Collect$$libshutdown$$0000000A)
    .ARM.Collect$$libshutdown$$0000000C      0x00000146   Section        0  libshutdown2.o(.ARM.Collect$$libshutdown$$0000000C)
    .ARM.Collect$$libshutdown$$0000000F      0x00000146   Section        0  libshutdown2.o(.ARM.Collect$$libshutdown$$0000000F)
    .ARM.Collect$$libshutdown$$00000010      0x00000146   Section        2  libshutdown2.o(.ARM.Collect$$libshutdown$$00000010)
    .ARM.Collect$$rtentry$$00000000          0x00000148   Section        0  __rtentry.o(.ARM.Collect$$rtentry$$00000000)
    .ARM.Collect$$rtentry$$00000002          0x00000148   Section        0  __rtentry2.o(.ARM.Collect$$rtentry$$00000002)
    .ARM.Collect$$rtentry$$00000004          0x00000148   Section        6  __rtentry4.o(.ARM.Collect$$rtentry$$00000004)
    .ARM.Collect$$rtentry$$00000009          0x0000014e   Section        0  __rtentry2.o(.ARM.Collect$$rtentry$$00000009)
    .ARM.Collect$$rtentry$$0000000A          0x0000014e   Section        4  __rtentry2.o(.ARM.Collect$$rtentry$$0000000A)
    .ARM.Collect$$rtentry$$0000000C          0x00000152   Section        0  __rtentry2.o(.ARM.Collect$$rtentry$$0000000C)
    .ARM.Collect$$rtentry$$0000000D          0x00000152   Section        8  __rtentry2.o(.ARM.Collect$$rtentry$$0000000D)
    .ARM.Collect$$rtexit$$00000000           0x0000015a   Section        2  rtexit.o(.ARM.Collect$$rtexit$$00000000)
    .ARM.Collect$$rtexit$$00000002           0x0000015c   Section        0  rtexit2.o(.ARM.Collect$$rtexit$$00000002)
    .ARM.Collect$$rtexit$$00000003           0x0000015c   Section        4  rtexit2.o(.ARM.Collect$$rtexit$$00000003)
    .ARM.Collect$$rtexit$$00000004           0x00000160   Section        6  rtexit2.o(.ARM.Collect$$rtexit$$00000004)
    .text                                    0x00000168   Section       60  startup_lpc17xx.o(.text)
    .text                                    0x000001a4   Section        0  heapauxi.o(.text)
    .text                                    0x000001aa   Section        0  _rserrno.o(.text)
    .text                                    0x000001c0   Section        8  rt_errno_addr_intlibspace.o(.text)
    .text                                    0x000001c8   Section        8  libspace.o(.text)
    .text                                    0x000001d0   Section       74  sys_stackheap_outer.o(.text)
    .text                                    0x0000021a   Section        0  exit.o(.text)
    .text                                    0x0000022c   Section        0  sys_exit.o(.text)
    .text                                    0x00000238   Section        2  use_no_semi.o(.text)
    .text                                    0x0000023a   Section        0  indicate_semi.o(.text)
    i.ChangeBit                              0x0000023a   Section        0  bitbytenumber.o(i.ChangeBit)
    i.DelayEeprom                            0x0000026c   Section        0  eeprom.o(i.DelayEeprom)
    i.EEPROM_ReadByte                        0x0000028c   Section        0  eeprom.o(i.EEPROM_ReadByte)
    i.EEPROM_ReadFloat                       0x000002c2   Section        0  eeprom.o(i.EEPROM_ReadFloat)
    i.EEPROM_ReadNumber                      0x000002e0   Section        0  eeprom.o(i.EEPROM_ReadNumber)
    x$fpl$usenofp                            0x000002fa   Section        0  usenofp.o(x$fpl$usenofp)
    .ARM.__at_0x02FC                         0x000002fc   Section        4  startup_lpc17xx.o(.ARM.__at_0x02FC)
    i.EEPROM_Init                            0x00000300   Section        0  eeprom.o(i.EEPROM_Init)
    i.EEPROM_ReadString                      0x000003e0   Section        0  eeprom.o(i.EEPROM_ReadString)
    i.EEPROM_SelectAddress                   0x00000404   Section        0  eeprom.o(i.EEPROM_SelectAddress)
    i.EEPROM_WriteByte                       0x00000578   Section        0  eeprom.o(i.EEPROM_WriteByte)
    i.EEPROM_WriteFloat                      0x00000598   Section        0  eeprom.o(i.EEPROM_WriteFloat)
    i.EEPROM_WriteNumber                     0x000005e2   Section        0  eeprom.o(i.EEPROM_WriteNumber)
    i.EEPROM_WriteString                     0x00000600   Section        0  eeprom.o(i.EEPROM_WriteString)
    i.SoftI2C_Init                           0x0000062c   Section        0  softi2c.o(i.SoftI2C_Init)
    i.SoftI2C_Read                           0x0000065c   Section        0  softi2c.o(i.SoftI2C_Read)
    i.SoftI2C_Start                          0x000006d4   Section        0  softi2c.o(i.SoftI2C_Start)
    i.SoftI2C_Stop                           0x00000724   Section        0  softi2c.o(i.SoftI2C_Stop)
    i.SoftI2C_Write                          0x0000076c   Section        0  softi2c.o(i.SoftI2C_Write)
    i.SystemInit                             0x0000079c   Section        0  system_lpc17xx_1.o(i.SystemInit)
    i.__ARM_fpclassify                       0x000008dc   Section        0  fpclassify.o(i.__ARM_fpclassify)
    i.__kernel_poly                          0x00000904   Section        0  poly.o(i.__kernel_poly)
    i.__mathlib_dbl_divzero                  0x000009b0   Section        0  dunder.o(i.__mathlib_dbl_divzero)
    i.__mathlib_dbl_infnan2                  0x000009c0   Section        0  dunder.o(i.__mathlib_dbl_infnan2)
    i.__mathlib_dbl_invalid                  0x000009c4   Section        0  dunder.o(i.__mathlib_dbl_invalid)
    i.__mathlib_dbl_overflow                 0x000009d0   Section        0  dunder.o(i.__mathlib_dbl_overflow)
    i.__mathlib_dbl_underflow                0x000009e0   Section        0  dunder.o(i.__mathlib_dbl_underflow)
    i.atof                                   0x000009f0   Section        0  bitbytenumber.o(i.atof)
    i.atoi                                   0x00000b74   Section        0  bitbytenumber.o(i.atoi)
    i.delayMs                                0x00000bc4   Section        0  delay.o(i.delayMs)
    i.delayUs                                0x00000bdc   Section        0  delay.o(i.delayUs)
    i.digitalRead                            0x00000bf8   Section        0  gpio.o(i.digitalRead)
    i.digitalWrite                           0x00000c94   Section        0  gpio.o(i.digitalWrite)
    i.ftoa                                   0x00000d4c   Section        0  bitbytenumber.o(i.ftoa)
    i.itoa                                   0x00000dd8   Section        0  bitbytenumber.o(i.itoa)
    i.main                                   0x00000e38   Section        0  main.o(i.main)
    i.pinMode                                0x00000eb8   Section        0  gpio.o(i.pinMode)
    i.pow                                    0x00001538   Section        0  pow.o(i.pow)
    i.reverse                                0x00001f10   Section        0  bitbytenumber.o(i.reverse)
    i.softI2c_Ack                            0x00001f30   Section        0  softi2c.o(i.softI2c_Ack)
    i.softI2c_Clock                          0x00001f50   Section        0  softi2c.o(i.softI2c_Clock)
    i.softI2c_NoAck                          0x00001f78   Section        0  softi2c.o(i.softI2c_NoAck)
    i.sqrt                                   0x00001f9c   Section        0  sqrt.o(i.sqrt)
    x$fpl$d2f                                0x00001fe8   Section       98  d2f.o(x$fpl$d2f)
    x$fpl$dadd                               0x0000204c   Section      336  daddsub_clz.o(x$fpl$dadd)
    _dadd1                                   0x0000205d   Thumb Code     0  daddsub_clz.o(x$fpl$dadd)
    x$fpl$dcheck1                            0x0000219c   Section       16  dcheck1.o(x$fpl$dcheck1)
    x$fpl$dcmpinf                            0x000021ac   Section       24  dcmpi.o(x$fpl$dcmpinf)
    x$fpl$ddiv                               0x000021c4   Section      688  ddiv.o(x$fpl$ddiv)
    ddiv_entry                               0x000021cb   Thumb Code     0  ddiv.o(x$fpl$ddiv)
    x$fpl$dflt                               0x00002474   Section       46  dflt_clz.o(x$fpl$dflt)
    x$fpl$dleqf                              0x000024a4   Section      120  dleqf.o(x$fpl$dleqf)
    x$fpl$dmul                               0x0000251c   Section      340  dmul.o(x$fpl$dmul)
    x$fpl$dnaninf                            0x00002670   Section      156  dnaninf.o(x$fpl$dnaninf)
    x$fpl$dretinf                            0x0000270c   Section       12  dretinf.o(x$fpl$dretinf)
    x$fpl$drleqf                             0x00002718   Section      108  drleqf.o(x$fpl$drleqf)
    x$fpl$drsb                               0x00002784   Section       22  daddsub_clz.o(x$fpl$drsb)
    x$fpl$dsqrt                              0x0000279c   Section      460  dsqrt_noumaal.o(x$fpl$dsqrt)
    x$fpl$dsub                               0x00002968   Section      468  daddsub_clz.o(x$fpl$dsub)
    _dsub1                                   0x00002979   Thumb Code     0  daddsub_clz.o(x$fpl$dsub)
    x$fpl$f2d                                0x00002b3c   Section       86  f2d.o(x$fpl$f2d)
    x$fpl$fadd                               0x00002b94   Section      196  faddsub_clz.o(x$fpl$fadd)
    _fadd1                                   0x00002ba3   Thumb Code     0  faddsub_clz.o(x$fpl$fadd)
    x$fpl$ffix                               0x00002c58   Section       54  ffix.o(x$fpl$ffix)
    x$fpl$fflt                               0x00002c90   Section       48  fflt_clz.o(x$fpl$fflt)
    x$fpl$fnaninf                            0x00002cc0   Section      140  fnaninf.o(x$fpl$fnaninf)
    x$fpl$fretinf                            0x00002d4c   Section       10  fretinf.o(x$fpl$fretinf)
    x$fpl$frsb                               0x00002d56   Section       20  faddsub_clz.o(x$fpl$frsb)
    x$fpl$fsub                               0x00002d6c   Section      234  faddsub_clz.o(x$fpl$fsub)
    _fsub1                                   0x00002d7b   Thumb Code     0  faddsub_clz.o(x$fpl$fsub)
    x$fpl$retnan                             0x00002e56   Section      100  retnan.o(x$fpl$retnan)
    x$fpl$scalbn                             0x00002eba   Section       92  scalbn.o(x$fpl$scalbn)
    x$fpl$trapveneer                         0x00002f16   Section       48  trapv.o(x$fpl$trapveneer)
    .constdata                               0x00002f48   Section      136  pow.o(.constdata)
    bp                                       0x00002f48   Data          16  pow.o(.constdata)
    dp_h                                     0x00002f58   Data          16  pow.o(.constdata)
    dp_l                                     0x00002f68   Data          16  pow.o(.constdata)
    L                                        0x00002f78   Data          48  pow.o(.constdata)
    P                                        0x00002fa8   Data          40  pow.o(.constdata)
    .constdata                               0x00002fd0   Section        8  qnan.o(.constdata)
    .data                                    0x10000000   Section       12  eeprom.o(.data)
    .data                                    0x1000000c   Section        2  softi2c.o(.data)
    .bss                                     0x10000010   Section       96  libspace.o(.bss)
    HEAP                                     0x10000070   Section        0  startup_lpc17xx.o(HEAP)
    STACK                                    0x10000070   Section      512  startup_lpc17xx.o(STACK)
    Heap_Mem                                 0x10000070   Data           0  startup_lpc17xx.o(HEAP)
    Stack_Mem                                0x10000070   Data         512  startup_lpc17xx.o(STACK)
    __initial_sp                             0x10000270   Data           0  startup_lpc17xx.o(STACK)

    Global Symbols

    Symbol Name                              Value     Ov Type        Size  Object(Section)

    BuildAttributes$$THM_ISAv4$P$D$K$B$S$PE$A:L22UL41UL21$X:L11$S22US41US21$IEEE1$IW$USESV6$~STKCKD$USESV7$~SHL$OTIME$ROPI$IEEEX$EBA8$UX$STANDARDLIB$REQ8$PRES8$EABIv2 0x00000000   Number         0  anon$$obj.o ABSOLUTE
    __ARM_use_no_argv                        0x00000000   Number         0  main.o ABSOLUTE
    __Vectors                                0x00000000   Data           4  startup_lpc17xx.o(RESET)
    __ARM_exceptions_init                     - Undefined Weak Reference
    __alloca_initialize                       - Undefined Weak Reference
    __arm_preinit_                            - Undefined Weak Reference
    __cpp_initialize__aeabi_                  - Undefined Weak Reference
    __cxa_finalize                            - Undefined Weak Reference
    __rt_locale                               - Undefined Weak Reference
    __sigvec_lookup                           - Undefined Weak Reference
    _atexit_init                              - Undefined Weak Reference
    _call_atexit_fns                          - Undefined Weak Reference
    _clock_init                               - Undefined Weak Reference
    _fp_trap_init                             - Undefined Weak Reference
    _fp_trap_shutdown                         - Undefined Weak Reference
    _get_lc_collate                           - Undefined Weak Reference
    _get_lc_ctype                             - Undefined Weak Reference
    _get_lc_monetary                          - Undefined Weak Reference
    _get_lc_numeric                           - Undefined Weak Reference
    _get_lc_time                              - Undefined Weak Reference
    _getenv_init                              - Undefined Weak Reference
    _handle_redirection                       - Undefined Weak Reference
    _init_alloc                               - Undefined Weak Reference
    _init_user_alloc                          - Undefined Weak Reference
    _initio                                   - Undefined Weak Reference
    _rand_init                                - Undefined Weak Reference
    _signal_finish                            - Undefined Weak Reference
    _signal_init                              - Undefined Weak Reference
    _terminate_alloc                          - Undefined Weak Reference
    _terminate_user_alloc                     - Undefined Weak Reference
    _terminateio                              - Undefined Weak Reference
    __main                                   0x000000cd   Thumb Code     8  __main.o(!!!main)
    __scatterload                            0x000000d5   Thumb Code     0  __scatter.o(!!!scatter)
    __scatterload_rt2                        0x000000d5   Thumb Code    44  __scatter.o(!!!scatter)
    __scatterload_rt2_thumb_only             0x000000d5   Thumb Code     0  __scatter.o(!!!scatter)
    __scatterload_null                       0x000000e3   Thumb Code     0  __scatter.o(!!!scatter)
    __scatterload_copy                       0x00000109   Thumb Code    26  __scatter_copy.o(!!handler_copy)
    __scatterload_zeroinit                   0x00000125   Thumb Code    28  __scatter_zi.o(!!handler_zi)
    __rt_lib_init                            0x00000141   Thumb Code     0  libinit.o(.ARM.Collect$$libinit$$00000000)
    __rt_lib_init_alloca_1                   0x00000143   Thumb Code     0  libinit2.o(.ARM.Collect$$libinit$$0000002E)
    __rt_lib_init_argv_1                     0x00000143   Thumb Code     0  libinit2.o(.ARM.Collect$$libinit$$0000002C)
    __rt_lib_init_atexit_1                   0x00000143   Thumb Code     0  libinit2.o(.ARM.Collect$$libinit$$0000001B)
    __rt_lib_init_clock_1                    0x00000143   Thumb Code     0  libinit2.o(.ARM.Collect$$libinit$$00000021)
    __rt_lib_init_cpp_1                      0x00000143   Thumb Code     0  libinit2.o(.ARM.Collect$$libinit$$00000032)
    __rt_lib_init_exceptions_1               0x00000143   Thumb Code     0  libinit2.o(.ARM.Collect$$libinit$$00000030)
    __rt_lib_init_fp_1                       0x00000143   Thumb Code     0  libinit2.o(.ARM.Collect$$libinit$$00000002)
    __rt_lib_init_fp_trap_1                  0x00000143   Thumb Code     0  libinit2.o(.ARM.Collect$$libinit$$0000001F)
    __rt_lib_init_getenv_1                   0x00000143   Thumb Code     0  libinit2.o(.ARM.Collect$$libinit$$00000023)
    __rt_lib_init_heap_1                     0x00000143   Thumb Code     0  libinit2.o(.ARM.Collect$$libinit$$0000000A)
    __rt_lib_init_lc_collate_1               0x00000143   Thumb Code     0  libinit2.o(.ARM.Collect$$libinit$$00000011)
    __rt_lib_init_lc_ctype_1                 0x00000143   Thumb Code     0  libinit2.o(.ARM.Collect$$libinit$$00000013)
    __rt_lib_init_lc_monetary_1              0x00000143   Thumb Code     0  libinit2.o(.ARM.Collect$$libinit$$00000015)
    __rt_lib_init_lc_numeric_1               0x00000143   Thumb Code     0  libinit2.o(.ARM.Collect$$libinit$$00000017)
    __rt_lib_init_lc_time_1                  0x00000143   Thumb Code     0  libinit2.o(.ARM.Collect$$libinit$$00000019)
    __rt_lib_init_preinit_1                  0x00000143   Thumb Code     0  libinit2.o(.ARM.Collect$$libinit$$00000004)
    __rt_lib_init_rand_1                     0x00000143   Thumb Code     0  libinit2.o(.ARM.Collect$$libinit$$0000000E)
    __rt_lib_init_return                     0x00000143   Thumb Code     0  libinit2.o(.ARM.Collect$$libinit$$00000033)
    __rt_lib_init_signal_1                   0x00000143   Thumb Code     0  libinit2.o(.ARM.Collect$$libinit$$0000001D)
    __rt_lib_init_stdio_1                    0x00000143   Thumb Code     0  libinit2.o(.ARM.Collect$$libinit$$00000025)
    __rt_lib_init_user_alloc_1               0x00000143   Thumb Code     0  libinit2.o(.ARM.Collect$$libinit$$0000000C)
    __rt_lib_shutdown                        0x00000145   Thumb Code     0  libshutdown.o(.ARM.Collect$$libshutdown$$00000000)
    __rt_lib_shutdown_cpp_1                  0x00000147   Thumb Code     0  libshutdown2.o(.ARM.Collect$$libshutdown$$00000002)
    __rt_lib_shutdown_fp_trap_1              0x00000147   Thumb Code     0  libshutdown2.o(.ARM.Collect$$libshutdown$$00000007)
    __rt_lib_shutdown_heap_1                 0x00000147   Thumb Code     0  libshutdown2.o(.ARM.Collect$$libshutdown$$0000000F)
    __rt_lib_shutdown_return                 0x00000147   Thumb Code     0  libshutdown2.o(.ARM.Collect$$libshutdown$$00000010)
    __rt_lib_shutdown_signal_1               0x00000147   Thumb Code     0  libshutdown2.o(.ARM.Collect$$libshutdown$$0000000A)
    __rt_lib_shutdown_stdio_1                0x00000147   Thumb Code     0  libshutdown2.o(.ARM.Collect$$libshutdown$$00000004)
    __rt_lib_shutdown_user_alloc_1           0x00000147   Thumb Code     0  libshutdown2.o(.ARM.Collect$$libshutdown$$0000000C)
    __rt_entry                               0x00000149   Thumb Code     0  __rtentry.o(.ARM.Collect$$rtentry$$00000000)
    __rt_entry_presh_1                       0x00000149   Thumb Code     0  __rtentry2.o(.ARM.Collect$$rtentry$$00000002)
    __rt_entry_sh                            0x00000149   Thumb Code     0  __rtentry4.o(.ARM.Collect$$rtentry$$00000004)
    __rt_entry_li                            0x0000014f   Thumb Code     0  __rtentry2.o(.ARM.Collect$$rtentry$$0000000A)
    __rt_entry_postsh_1                      0x0000014f   Thumb Code     0  __rtentry2.o(.ARM.Collect$$rtentry$$00000009)
    __rt_entry_main                          0x00000153   Thumb Code     0  __rtentry2.o(.ARM.Collect$$rtentry$$0000000D)
    __rt_entry_postli_1                      0x00000153   Thumb Code     0  __rtentry2.o(.ARM.Collect$$rtentry$$0000000C)
    __rt_exit                                0x0000015b   Thumb Code     0  rtexit.o(.ARM.Collect$$rtexit$$00000000)
    __rt_exit_ls                             0x0000015d   Thumb Code     0  rtexit2.o(.ARM.Collect$$rtexit$$00000003)
    __rt_exit_prels_1                        0x0000015d   Thumb Code     0  rtexit2.o(.ARM.Collect$$rtexit$$00000002)
    __rt_exit_exit                           0x00000161   Thumb Code     0  rtexit2.o(.ARM.Collect$$rtexit$$00000004)
    Reset_Handler                            0x00000169   Thumb Code     8  startup_lpc17xx.o(.text)
    NMI_Handler                              0x00000171   Thumb Code     2  startup_lpc17xx.o(.text)
    HardFault_Handler                        0x00000173   Thumb Code     2  startup_lpc17xx.o(.text)
    MemManage_Handler                        0x00000175   Thumb Code     2  startup_lpc17xx.o(.text)
    BusFault_Handler                         0x00000177   Thumb Code     2  startup_lpc17xx.o(.text)
    UsageFault_Handler                       0x00000179   Thumb Code     2  startup_lpc17xx.o(.text)
    SVC_Handler                              0x0000017b   Thumb Code     2  startup_lpc17xx.o(.text)
    DebugMon_Handler                         0x0000017d   Thumb Code     2  startup_lpc17xx.o(.text)
    PendSV_Handler                           0x0000017f   Thumb Code     2  startup_lpc17xx.o(.text)
    SysTick_Handler                          0x00000181   Thumb Code     2  startup_lpc17xx.o(.text)
    ADC_IRQHandler                           0x00000183   Thumb Code     0  startup_lpc17xx.o(.text)
    BOD_IRQHandler                           0x00000183   Thumb Code     0  startup_lpc17xx.o(.text)
    CANActivity_IRQHandler                   0x00000183   Thumb Code     0  startup_lpc17xx.o(.text)
    CAN_IRQHandler                           0x00000183   Thumb Code     0  startup_lpc17xx.o(.text)
    DMA_IRQHandler                           0x00000183   Thumb Code     0  startup_lpc17xx.o(.text)
    EINT0_IRQHandler                         0x00000183   Thumb Code     0  startup_lpc17xx.o(.text)
    EINT1_IRQHandler                         0x00000183   Thumb Code     0  startup_lpc17xx.o(.text)
    EINT2_IRQHandler                         0x00000183   Thumb Code     0  startup_lpc17xx.o(.text)
    EINT3_IRQHandler                         0x00000183   Thumb Code     0  startup_lpc17xx.o(.text)
    ENET_IRQHandler                          0x00000183   Thumb Code     0  startup_lpc17xx.o(.text)
    I2C0_IRQHandler                          0x00000183   Thumb Code     0  startup_lpc17xx.o(.text)
    I2C1_IRQHandler                          0x00000183   Thumb Code     0  startup_lpc17xx.o(.text)
    I2C2_IRQHandler                          0x00000183   Thumb Code     0  startup_lpc17xx.o(.text)
    I2S_IRQHandler                           0x00000183   Thumb Code     0  startup_lpc17xx.o(.text)
    MCPWM_IRQHandler                         0x00000183   Thumb Code     0  startup_lpc17xx.o(.text)
    PLL0_IRQHandler                          0x00000183   Thumb Code     0  startup_lpc17xx.o(.text)
    PLL1_IRQHandler                          0x00000183   Thumb Code     0  startup_lpc17xx.o(.text)
    PWM1_IRQHandler                          0x00000183   Thumb Code     0  startup_lpc17xx.o(.text)
    QEI_IRQHandler                           0x00000183   Thumb Code     0  startup_lpc17xx.o(.text)
    RIT_IRQHandler                           0x00000183   Thumb Code     0  startup_lpc17xx.o(.text)
    RTC_IRQHandler                           0x00000183   Thumb Code     0  startup_lpc17xx.o(.text)
    SPI_IRQHandler                           0x00000183   Thumb Code     0  startup_lpc17xx.o(.text)
    SSP0_IRQHandler                          0x00000183   Thumb Code     0  startup_lpc17xx.o(.text)
    SSP1_IRQHandler                          0x00000183   Thumb Code     0  startup_lpc17xx.o(.text)
    TIMER0_IRQHandler                        0x00000183   Thumb Code     0  startup_lpc17xx.o(.text)
    TIMER1_IRQHandler                        0x00000183   Thumb Code     0  startup_lpc17xx.o(.text)
    TIMER2_IRQHandler                        0x00000183   Thumb Code     0  startup_lpc17xx.o(.text)
    TIMER3_IRQHandler                        0x00000183   Thumb Code     0  startup_lpc17xx.o(.text)
    UART0_IRQHandler                         0x00000183   Thumb Code     0  startup_lpc17xx.o(.text)
    UART1_IRQHandler                         0x00000183   Thumb Code     0  startup_lpc17xx.o(.text)
    UART2_IRQHandler                         0x00000183   Thumb Code     0  startup_lpc17xx.o(.text)
    UART3_IRQHandler                         0x00000183   Thumb Code     0  startup_lpc17xx.o(.text)
    USBActivity_IRQHandler                   0x00000183   Thumb Code     0  startup_lpc17xx.o(.text)
    USB_IRQHandler                           0x00000183   Thumb Code     0  startup_lpc17xx.o(.text)
    WDT_IRQHandler                           0x00000183   Thumb Code     0  startup_lpc17xx.o(.text)
    __user_initial_stackheap                 0x00000185   Thumb Code     0  startup_lpc17xx.o(.text)
    __use_two_region_memory                  0x000001a5   Thumb Code     2  heapauxi.o(.text)
    __rt_heap_escrow$2region                 0x000001a7   Thumb Code     2  heapauxi.o(.text)
    __rt_heap_expand$2region                 0x000001a9   Thumb Code     2  heapauxi.o(.text)
    __read_errno                             0x000001ab   Thumb Code    10  _rserrno.o(.text)
    __set_errno                              0x000001b5   Thumb Code    12  _rserrno.o(.text)
    __aeabi_errno_addr                       0x000001c1   Thumb Code     8  rt_errno_addr_intlibspace.o(.text)
    __errno$intlibspace                      0x000001c1   Thumb Code     0  rt_errno_addr_intlibspace.o(.text)
    __rt_errno_addr$intlibspace              0x000001c1   Thumb Code     0  rt_errno_addr_intlibspace.o(.text)
    __user_libspace                          0x000001c9   Thumb Code     8  libspace.o(.text)
    __user_perproc_libspace                  0x000001c9   Thumb Code     0  libspace.o(.text)
    __user_perthread_libspace                0x000001c9   Thumb Code     0  libspace.o(.text)
    __user_setup_stackheap                   0x000001d1   Thumb Code    74  sys_stackheap_outer.o(.text)
    exit                                     0x0000021b   Thumb Code    18  exit.o(.text)
    _sys_exit                                0x0000022d   Thumb Code     8  sys_exit.o(.text)
    __I$use$semihosting                      0x00000239   Thumb Code     0  use_no_semi.o(.text)
    __use_no_semihosting_swi                 0x00000239   Thumb Code     2  use_no_semi.o(.text)
    ChangeBit                                0x0000023b   Thumb Code    50  bitbytenumber.o(i.ChangeBit)
    __semihosting_library_function           0x0000023b   Thumb Code     0  indicate_semi.o(.text)
    DelayEeprom                              0x0000026d   Thumb Code    26  eeprom.o(i.DelayEeprom)
    EEPROM_ReadByte                          0x0000028d   Thumb Code    54  eeprom.o(i.EEPROM_ReadByte)
    EEPROM_ReadFloat                         0x000002c3   Thumb Code    30  eeprom.o(i.EEPROM_ReadFloat)
    EEPROM_ReadNumber                        0x000002e1   Thumb Code    26  eeprom.o(i.EEPROM_ReadNumber)
    __I$use$fp                               0x000002fa   Number         0  usenofp.o(x$fpl$usenofp)
    EEPROM_Init                              0x00000301   Thumb Code   210  eeprom.o(i.EEPROM_Init)
    EEPROM_ReadString                        0x000003e1   Thumb Code    34  eeprom.o(i.EEPROM_ReadString)
    EEPROM_SelectAddress                     0x00000405   Thumb Code   368  eeprom.o(i.EEPROM_SelectAddress)
    EEPROM_WriteByte                         0x00000579   Thumb Code    32  eeprom.o(i.EEPROM_WriteByte)
    EEPROM_WriteFloat                        0x00000599   Thumb Code    74  eeprom.o(i.EEPROM_WriteFloat)
    EEPROM_WriteNumber                       0x000005e3   Thumb Code    30  eeprom.o(i.EEPROM_WriteNumber)
    EEPROM_WriteString                       0x00000601   Thumb Code    42  eeprom.o(i.EEPROM_WriteString)
    SoftI2C_Init                             0x0000062d   Thumb Code    40  softi2c.o(i.SoftI2C_Init)
    SoftI2C_Read                             0x0000065d   Thumb Code   112  softi2c.o(i.SoftI2C_Read)
    SoftI2C_Start                            0x000006d5   Thumb Code    72  softi2c.o(i.SoftI2C_Start)
    SoftI2C_Stop                             0x00000725   Thumb Code    62  softi2c.o(i.SoftI2C_Stop)
    SoftI2C_Write                            0x0000076d   Thumb Code    42  softi2c.o(i.SoftI2C_Write)
    SystemInit                               0x0000079d   Thumb Code   302  system_lpc17xx_1.o(i.SystemInit)
    __ARM_fpclassify                         0x000008dd   Thumb Code    40  fpclassify.o(i.__ARM_fpclassify)
    __kernel_poly                            0x00000905   Thumb Code   170  poly.o(i.__kernel_poly)
    __mathlib_dbl_divzero                    0x000009b1   Thumb Code    12  dunder.o(i.__mathlib_dbl_divzero)
    __mathlib_dbl_infnan2                    0x000009c1   Thumb Code     4  dunder.o(i.__mathlib_dbl_infnan2)
    __mathlib_dbl_invalid                    0x000009c5   Thumb Code    12  dunder.o(i.__mathlib_dbl_invalid)
    __mathlib_dbl_overflow                   0x000009d1   Thumb Code    14  dunder.o(i.__mathlib_dbl_overflow)
    __mathlib_dbl_underflow                  0x000009e1   Thumb Code    10  dunder.o(i.__mathlib_dbl_underflow)
    atof                                     0x000009f1   Thumb Code   384  bitbytenumber.o(i.atof)
    atoi                                     0x00000b75   Thumb Code    80  bitbytenumber.o(i.atoi)
    delayMs                                  0x00000bc5   Thumb Code    24  delay.o(i.delayMs)
    delayUs                                  0x00000bdd   Thumb Code    26  delay.o(i.delayUs)
    digitalRead                              0x00000bf9   Thumb Code   152  gpio.o(i.digitalRead)
    digitalWrite                             0x00000c95   Thumb Code   178  gpio.o(i.digitalWrite)
    ftoa                                     0x00000d4d   Thumb Code   136  bitbytenumber.o(i.ftoa)
    itoa                                     0x00000dd9   Thumb Code    94  bitbytenumber.o(i.itoa)
    main                                     0x00000e39   Thumb Code   108  main.o(i.main)
    pinMode                                  0x00000eb9   Thumb Code  1654  gpio.o(i.pinMode)
    pow                                      0x00001539   Thumb Code  2512  pow.o(i.pow)
    reverse                                  0x00001f11   Thumb Code    30  bitbytenumber.o(i.reverse)
    softI2c_Ack                              0x00001f31   Thumb Code    28  softi2c.o(i.softI2c_Ack)
    softI2c_Clock                            0x00001f51   Thumb Code    36  softi2c.o(i.softI2c_Clock)
    softI2c_NoAck                            0x00001f79   Thumb Code    28  softi2c.o(i.softI2c_NoAck)
    sqrt                                     0x00001f9d   Thumb Code    76  sqrt.o(i.sqrt)
    __aeabi_d2f                              0x00001fe9   Thumb Code     0  d2f.o(x$fpl$d2f)
    _d2f                                     0x00001fe9   Thumb Code    98  d2f.o(x$fpl$d2f)
    __aeabi_dadd                             0x0000204d   Thumb Code     0  daddsub_clz.o(x$fpl$dadd)
    _dadd                                    0x0000204d   Thumb Code   332  daddsub_clz.o(x$fpl$dadd)
    __fpl_dcheck_NaN1                        0x0000219d   Thumb Code    10  dcheck1.o(x$fpl$dcheck1)
    __fpl_dcmp_Inf                           0x000021ad   Thumb Code    24  dcmpi.o(x$fpl$dcmpinf)
    __aeabi_ddiv                             0x000021c5   Thumb Code     0  ddiv.o(x$fpl$ddiv)
    _ddiv                                    0x000021c5   Thumb Code   552  ddiv.o(x$fpl$ddiv)
    __aeabi_i2d                              0x00002475   Thumb Code     0  dflt_clz.o(x$fpl$dflt)
    _dflt                                    0x00002475   Thumb Code    46  dflt_clz.o(x$fpl$dflt)
    __aeabi_cdcmple                          0x000024a5   Thumb Code     0  dleqf.o(x$fpl$dleqf)
    _dcmple                                  0x000024a5   Thumb Code   120  dleqf.o(x$fpl$dleqf)
    __fpl_dcmple_InfNaN                      0x00002507   Thumb Code     0  dleqf.o(x$fpl$dleqf)
    __aeabi_dmul                             0x0000251d   Thumb Code     0  dmul.o(x$fpl$dmul)
    _dmul                                    0x0000251d   Thumb Code   332  dmul.o(x$fpl$dmul)
    __fpl_dnaninf                            0x00002671   Thumb Code   156  dnaninf.o(x$fpl$dnaninf)
    __fpl_dretinf                            0x0000270d   Thumb Code    12  dretinf.o(x$fpl$dretinf)
    __aeabi_cdrcmple                         0x00002719   Thumb Code     0  drleqf.o(x$fpl$drleqf)
    _drcmple                                 0x00002719   Thumb Code   108  drleqf.o(x$fpl$drleqf)
    __aeabi_drsub                            0x00002785   Thumb Code     0  daddsub_clz.o(x$fpl$drsb)
    _drsb                                    0x00002785   Thumb Code    22  daddsub_clz.o(x$fpl$drsb)
    _dsqrt                                   0x0000279d   Thumb Code   456  dsqrt_noumaal.o(x$fpl$dsqrt)
    __aeabi_dsub                             0x00002969   Thumb Code     0  daddsub_clz.o(x$fpl$dsub)
    _dsub                                    0x00002969   Thumb Code   464  daddsub_clz.o(x$fpl$dsub)
    __aeabi_f2d                              0x00002b3d   Thumb Code     0  f2d.o(x$fpl$f2d)
    _f2d                                     0x00002b3d   Thumb Code    86  f2d.o(x$fpl$f2d)
    __aeabi_fadd                             0x00002b95   Thumb Code     0  faddsub_clz.o(x$fpl$fadd)
    _fadd                                    0x00002b95   Thumb Code   196  faddsub_clz.o(x$fpl$fadd)
    __aeabi_f2iz                             0x00002c59   Thumb Code     0  ffix.o(x$fpl$ffix)
    _ffix                                    0x00002c59   Thumb Code    54  ffix.o(x$fpl$ffix)
    __aeabi_i2f                              0x00002c91   Thumb Code     0  fflt_clz.o(x$fpl$fflt)
    _fflt                                    0x00002c91   Thumb Code    48  fflt_clz.o(x$fpl$fflt)
    __fpl_fnaninf                            0x00002cc1   Thumb Code   140  fnaninf.o(x$fpl$fnaninf)
    __fpl_fretinf                            0x00002d4d   Thumb Code    10  fretinf.o(x$fpl$fretinf)
    __aeabi_frsub                            0x00002d57   Thumb Code     0  faddsub_clz.o(x$fpl$frsb)
    _frsb                                    0x00002d57   Thumb Code    20  faddsub_clz.o(x$fpl$frsb)
    __aeabi_fsub                             0x00002d6d   Thumb Code     0  faddsub_clz.o(x$fpl$fsub)
    _fsub                                    0x00002d6d   Thumb Code   234  faddsub_clz.o(x$fpl$fsub)
    __fpl_return_NaN                         0x00002e57   Thumb Code   100  retnan.o(x$fpl$retnan)
    __ARM_scalbn                             0x00002ebb   Thumb Code    92  scalbn.o(x$fpl$scalbn)
    __fpl_cmpreturn                          0x00002f17   Thumb Code    48  trapv.o(x$fpl$trapveneer)
    __mathlib_zero                           0x00002fd0   Data           8  qnan.o(.constdata)
    Region$$Table$$Base                      0x00002fd8   Number         0  anon$$obj.o(Region$$Table)
    Region$$Table$$Limit                     0x00002ff8   Number         0  anon$$obj.o(Region$$Table)
    EepromType_U8                            0x10000000   Data           1  eeprom.o(.data)
    EepromPageNumber_U16                     0x10000002   Data           2  eeprom.o(.data)
    EepromPageSize_U16                       0x10000004   Data           2  eeprom.o(.data)
    EepromByteNumber_U32                     0x10000008   Data           4  eeprom.o(.data)
    SDA_PIN                                  0x1000000c   Data           1  softi2c.o(.data)
    SCL_PIN                                  0x1000000d   Data           1  softi2c.o(.data)
    __libspace_start                         0x10000010   Data          96  libspace.o(.bss)
    __temporary_stack_top$libspace           0x10000070   Data           0  libspace.o(.bss)



==============================================================================

Memory Map of the image

  Image Entry point : 0x000000cd

  Load Region LR_IROM1 (Base: 0x00000000, Size: 0x00003008, Max: 0x00080000, ABSOLUTE)

    Execution Region ER_IROM1 (Base: 0x00000000, Size: 0x00002ff8, Max: 0x00080000, ABSOLUTE)

    Base Addr    Size         Type   Attr      Idx    E Section Name        Object

    0x00000000   0x000000cc   Data   RO          406    RESET               startup_lpc17xx.o
    0x000000cc   0x00000008   Code   RO          456  * !!!main             c_w.l(__main.o)
    0x000000d4   0x00000034   Code   RO          730    !!!scatter          c_w.l(__scatter.o)
    0x00000108   0x0000001a   Code   RO          732    !!handler_copy      c_w.l(__scatter_copy.o)
    0x00000122   0x00000002   PAD
    0x00000124   0x0000001c   Code   RO          734    !!handler_zi        c_w.l(__scatter_zi.o)
    0x00000140   0x00000002   Code   RO          599    .ARM.Collect$$libinit$$00000000  c_w.l(libinit.o)
    0x00000142   0x00000000   Code   RO          611    .ARM.Collect$$libinit$$00000002  c_w.l(libinit2.o)
    0x00000142   0x00000000   Code   RO          613    .ARM.Collect$$libinit$$00000004  c_w.l(libinit2.o)
    0x00000142   0x00000000   Code   RO          616    .ARM.Collect$$libinit$$0000000A  c_w.l(libinit2.o)
    0x00000142   0x00000000   Code   RO          618    .ARM.Collect$$libinit$$0000000C  c_w.l(libinit2.o)
    0x00000142   0x00000000   Code   RO          620    .ARM.Collect$$libinit$$0000000E  c_w.l(libinit2.o)
    0x00000142   0x00000000   Code   RO          623    .ARM.Collect$$libinit$$00000011  c_w.l(libinit2.o)
    0x00000142   0x00000000   Code   RO          625    .ARM.Collect$$libinit$$00000013  c_w.l(libinit2.o)
    0x00000142   0x00000000   Code   RO          627    .ARM.Collect$$libinit$$00000015  c_w.l(libinit2.o)
    0x00000142   0x00000000   Code   RO          629    .ARM.Collect$$libinit$$00000017  c_w.l(libinit2.o)
    0x00000142   0x00000000   Code   RO          631    .ARM.Collect$$libinit$$00000019  c_w.l(libinit2.o)
    0x00000142   0x00000000   Code   RO          633    .ARM.Collect$$libinit$$0000001B  c_w.l(libinit2.o)
    0x00000142   0x00000000   Code   RO          635    .ARM.Collect$$libinit$$0000001D  c_w.l(libinit2.o)
    0x00000142   0x00000000   Code   RO          637    .ARM.Collect$$libinit$$0000001F  c_w.l(libinit2.o)
    0x00000142   0x00000000   Code   RO          639    .ARM.Collect$$libinit$$00000021  c_w.l(libinit2.o)
    0x00000142   0x00000000   Code   RO          641    .ARM.Collect$$libinit$$00000023  c_w.l(libinit2.o)
    0x00000142   0x00000000   Code   RO          643    .ARM.Collect$$libinit$$00000025  c_w.l(libinit2.o)
    0x00000142   0x00000000   Code   RO          647    .ARM.Collect$$libinit$$0000002C  c_w.l(libinit2.o)
    0x00000142   0x00000000   Code   RO          649    .ARM.Collect$$libinit$$0000002E  c_w.l(libinit2.o)
    0x00000142   0x00000000   Code   RO          651    .ARM.Collect$$libinit$$00000030  c_w.l(libinit2.o)
    0x00000142   0x00000000   Code   RO          653    .ARM.Collect$$libinit$$00000032  c_w.l(libinit2.o)
    0x00000142   0x00000002   Code   RO          654    .ARM.Collect$$libinit$$00000033  c_w.l(libinit2.o)
    0x00000144   0x00000002   Code   RO          687    .ARM.Collect$$libshutdown$$00000000  c_w.l(libshutdown.o)
    0x00000146   0x00000000   Code   RO          713    .ARM.Collect$$libshutdown$$00000002  c_w.l(libshutdown2.o)
    0x00000146   0x00000000   Code   RO          715    .ARM.Collect$$libshutdown$$00000004  c_w.l(libshutdown2.o)
    0x00000146   0x00000000   Code   RO          718    .ARM.Collect$$libshutdown$$00000007  c_w.l(libshutdown2.o)
    0x00000146   0x00000000   Code   RO          721    .ARM.Collect$$libshutdown$$0000000A  c_w.l(libshutdown2.o)
    0x00000146   0x00000000   Code   RO          723    .ARM.Collect$$libshutdown$$0000000C  c_w.l(libshutdown2.o)
    0x00000146   0x00000000   Code   RO          726    .ARM.Collect$$libshutdown$$0000000F  c_w.l(libshutdown2.o)
    0x00000146   0x00000002   Code   RO          727    .ARM.Collect$$libshutdown$$00000010  c_w.l(libshutdown2.o)
    0x00000148   0x00000000   Code   RO          508    .ARM.Collect$$rtentry$$00000000  c_w.l(__rtentry.o)
    0x00000148   0x00000000   Code   RO          558    .ARM.Collect$$rtentry$$00000002  c_w.l(__rtentry2.o)
    0x00000148   0x00000006   Code   RO          570    .ARM.Collect$$rtentry$$00000004  c_w.l(__rtentry4.o)
    0x0000014e   0x00000000   Code   RO          560    .ARM.Collect$$rtentry$$00000009  c_w.l(__rtentry2.o)
    0x0000014e   0x00000004   Code   RO          561    .ARM.Collect$$rtentry$$0000000A  c_w.l(__rtentry2.o)
    0x00000152   0x00000000   Code   RO          563    .ARM.Collect$$rtentry$$0000000C  c_w.l(__rtentry2.o)
    0x00000152   0x00000008   Code   RO          564    .ARM.Collect$$rtentry$$0000000D  c_w.l(__rtentry2.o)
    0x0000015a   0x00000002   Code   RO          602    .ARM.Collect$$rtexit$$00000000  c_w.l(rtexit.o)
    0x0000015c   0x00000000   Code   RO          660    .ARM.Collect$$rtexit$$00000002  c_w.l(rtexit2.o)
    0x0000015c   0x00000004   Code   RO          661    .ARM.Collect$$rtexit$$00000003  c_w.l(rtexit2.o)
    0x00000160   0x00000006   Code   RO          662    .ARM.Collect$$rtexit$$00000004  c_w.l(rtexit2.o)
    0x00000166   0x00000002   PAD
    0x00000168   0x0000003c   Code   RO          408    .text               startup_lpc17xx.o
    0x000001a4   0x00000006   Code   RO          454    .text               c_w.l(heapauxi.o)
    0x000001aa   0x00000016   Code   RO          513    .text               c_w.l(_rserrno.o)
    0x000001c0   0x00000008   Code   RO          577    .text               c_w.l(rt_errno_addr_intlibspace.o)
    0x000001c8   0x00000008   Code   RO          583    .text               c_w.l(libspace.o)
    0x000001d0   0x0000004a   Code   RO          586    .text               c_w.l(sys_stackheap_outer.o)
    0x0000021a   0x00000012   Code   RO          588    .text               c_w.l(exit.o)
    0x0000022c   0x0000000c   Code   RO          657    .text               c_w.l(sys_exit.o)
    0x00000238   0x00000002   Code   RO          676    .text               c_w.l(use_no_semi.o)
    0x0000023a   0x00000000   Code   RO          678    .text               c_w.l(indicate_semi.o)
    0x0000023a   0x00000032   Code   RO            4    i.ChangeBit         bitbytenumber.o
    0x0000026c   0x00000020   Code   RO          158    i.DelayEeprom       eeprom.o
    0x0000028c   0x00000036   Code   RO          161    i.EEPROM_ReadByte   eeprom.o
    0x000002c2   0x0000001e   Code   RO          162    i.EEPROM_ReadFloat  eeprom.o
    0x000002e0   0x0000001a   Code   RO          163    i.EEPROM_ReadNumber  eeprom.o
    0x000002fa   0x00000000   Code   RO          529    x$fpl$usenofp       fz_ws.l(usenofp.o)
    0x000002fa   0x00000002   PAD
    0x000002fc   0x00000004   Code   RO          407    .ARM.__at_0x02FC    startup_lpc17xx.o
    0x00000300   0x000000e0   Code   RO          160    i.EEPROM_Init       eeprom.o
    0x000003e0   0x00000022   Code   RO          164    i.EEPROM_ReadString  eeprom.o
    0x00000402   0x00000002   PAD
    0x00000404   0x00000174   Code   RO          166    i.EEPROM_SelectAddress  eeprom.o
    0x00000578   0x00000020   Code   RO          167    i.EEPROM_WriteByte  eeprom.o
    0x00000598   0x0000004a   Code   RO          168    i.EEPROM_WriteFloat  eeprom.o
    0x000005e2   0x0000001e   Code   RO          169    i.EEPROM_WriteNumber  eeprom.o
    0x00000600   0x0000002a   Code   RO          170    i.EEPROM_WriteString  eeprom.o
    0x0000062a   0x00000002   PAD
    0x0000062c   0x00000030   Code   RO          338    i.SoftI2C_Init      softi2c.o
    0x0000065c   0x00000078   Code   RO          339    i.SoftI2C_Read      softi2c.o
    0x000006d4   0x00000050   Code   RO          340    i.SoftI2C_Start     softi2c.o
    0x00000724   0x00000048   Code   RO          341    i.SoftI2C_Stop      softi2c.o
    0x0000076c   0x00000030   Code   RO          342    i.SoftI2C_Write     softi2c.o
    0x0000079c   0x00000140   Code   RO          418    i.SystemInit        system_lpc17xx_1.o
    0x000008dc   0x00000028   Code   RO          544    i.__ARM_fpclassify  m_ws.l(fpclassify.o)
    0x00000904   0x000000aa   Code   RO          546    i.__kernel_poly     m_ws.l(poly.o)
    0x000009ae   0x00000002   PAD
    0x000009b0   0x00000010   Code   RO          530    i.__mathlib_dbl_divzero  m_ws.l(dunder.o)
    0x000009c0   0x00000004   Code   RO          532    i.__mathlib_dbl_infnan2  m_ws.l(dunder.o)
    0x000009c4   0x0000000c   Code   RO          533    i.__mathlib_dbl_invalid  m_ws.l(dunder.o)
    0x000009d0   0x0000000e   Code   RO          534    i.__mathlib_dbl_overflow  m_ws.l(dunder.o)
    0x000009de   0x00000002   PAD
    0x000009e0   0x00000010   Code   RO          536    i.__mathlib_dbl_underflow  m_ws.l(dunder.o)
    0x000009f0   0x00000184   Code   RO            5    i.atof              bitbytenumber.o
    0x00000b74   0x00000050   Code   RO            6    i.atoi              bitbytenumber.o
    0x00000bc4   0x00000018   Code   RO           94    i.delayMs           delay.o
    0x00000bdc   0x0000001a   Code   RO           98    i.delayUs           delay.o
    0x00000bf6   0x00000002   PAD
    0x00000bf8   0x0000009c   Code   RO          269    i.digitalRead       gpio.o
    0x00000c94   0x000000b8   Code   RO          270    i.digitalWrite      gpio.o
    0x00000d4c   0x0000008c   Code   RO            7    i.ftoa              bitbytenumber.o
    0x00000dd8   0x0000005e   Code   RO            8    i.itoa              bitbytenumber.o
    0x00000e36   0x00000002   PAD
    0x00000e38   0x00000080   Code   RO          314    i.main              main.o
    0x00000eb8   0x00000680   Code   RO          272    i.pinMode           gpio.o
    0x00001538   0x000009d8   Code   RO          499    i.pow               m_ws.l(pow.o)
    0x00001f10   0x0000001e   Code   RO            9    i.reverse           bitbytenumber.o
    0x00001f2e   0x00000002   PAD
    0x00001f30   0x00000020   Code   RO          343    i.softI2c_Ack       softi2c.o
    0x00001f50   0x00000028   Code   RO          344    i.softI2c_Clock     softi2c.o
    0x00001f78   0x00000024   Code   RO          345    i.softI2c_NoAck     softi2c.o
    0x00001f9c   0x0000004c   Code   RO          550    i.sqrt              m_ws.l(sqrt.o)
    0x00001fe8   0x00000062   Code   RO          458    x$fpl$d2f           fz_ws.l(d2f.o)
    0x0000204a   0x00000002   PAD
    0x0000204c   0x00000150   Code   RO          460    x$fpl$dadd          fz_ws.l(daddsub_clz.o)
    0x0000219c   0x00000010   Code   RO          579    x$fpl$dcheck1       fz_ws.l(dcheck1.o)
    0x000021ac   0x00000018   Code   RO          515    x$fpl$dcmpinf       fz_ws.l(dcmpi.o)
    0x000021c4   0x000002b0   Code   RO          467    x$fpl$ddiv          fz_ws.l(ddiv.o)
    0x00002474   0x0000002e   Code   RO          471    x$fpl$dflt          fz_ws.l(dflt_clz.o)
    0x000024a2   0x00000002   PAD
    0x000024a4   0x00000078   Code   RO          476    x$fpl$dleqf         fz_ws.l(dleqf.o)
    0x0000251c   0x00000154   Code   RO          478    x$fpl$dmul          fz_ws.l(dmul.o)
    0x00002670   0x0000009c   Code   RO          517    x$fpl$dnaninf       fz_ws.l(dnaninf.o)
    0x0000270c   0x0000000c   Code   RO          519    x$fpl$dretinf       fz_ws.l(dretinf.o)
    0x00002718   0x0000006c   Code   RO          521    x$fpl$drleqf        fz_ws.l(drleqf.o)
    0x00002784   0x00000016   Code   RO          461    x$fpl$drsb          fz_ws.l(daddsub_clz.o)
    0x0000279a   0x00000002   PAD
    0x0000279c   0x000001cc   Code   RO          581    x$fpl$dsqrt         fz_ws.l(dsqrt_noumaal.o)
    0x00002968   0x000001d4   Code   RO          462    x$fpl$dsub          fz_ws.l(daddsub_clz.o)
    0x00002b3c   0x00000056   Code   RO          480    x$fpl$f2d           fz_ws.l(f2d.o)
    0x00002b92   0x00000002   PAD
    0x00002b94   0x000000c4   Code   RO          482    x$fpl$fadd          fz_ws.l(faddsub_clz.o)
    0x00002c58   0x00000036   Code   RO          488    x$fpl$ffix          fz_ws.l(ffix.o)
    0x00002c8e   0x00000002   PAD
    0x00002c90   0x00000030   Code   RO          493    x$fpl$fflt          fz_ws.l(fflt_clz.o)
    0x00002cc0   0x0000008c   Code   RO          523    x$fpl$fnaninf       fz_ws.l(fnaninf.o)
    0x00002d4c   0x0000000a   Code   RO          525    x$fpl$fretinf       fz_ws.l(fretinf.o)
    0x00002d56   0x00000014   Code   RO          483    x$fpl$frsb          fz_ws.l(faddsub_clz.o)
    0x00002d6a   0x00000002   PAD
    0x00002d6c   0x000000ea   Code   RO          484    x$fpl$fsub          fz_ws.l(faddsub_clz.o)
    0x00002e56   0x00000064   Code   RO          600    x$fpl$retnan        fz_ws.l(retnan.o)
    0x00002eba   0x0000005c   Code   RO          527    x$fpl$scalbn        fz_ws.l(scalbn.o)
    0x00002f16   0x00000030   Code   RO          655    x$fpl$trapveneer    fz_ws.l(trapv.o)
    0x00002f46   0x00000002   PAD
    0x00002f48   0x00000088   Data   RO          500    .constdata          m_ws.l(pow.o)
    0x00002fd0   0x00000008   Data   RO          548    .constdata          m_ws.l(qnan.o)
    0x00002fd8   0x00000020   Data   RO          728    Region$$Table       anon$$obj.o


    Execution Region RW_IRAM1 (Base: 0x10000000, Size: 0x00000270, Max: 0x00008000, ABSOLUTE)

    Base Addr    Size         Type   Attr      Idx    E Section Name        Object

    0x10000000   0x0000000c   Data   RW          172    .data               eeprom.o
    0x1000000c   0x00000002   Data   RW          346    .data               softi2c.o
    0x1000000e   0x00000002   PAD
    0x10000010   0x00000060   Zero   RW          584    .bss                c_w.l(libspace.o)
    0x10000070   0x00000000   Zero   RW          405    HEAP                startup_lpc17xx.o
    0x10000070   0x00000200   Zero   RW          404    STACK               startup_lpc17xx.o


==============================================================================

Image component sizes


      Code (inc. data)   RO Data    RW Data    ZI Data      Debug   Object Name

       782          8          0          0          0       8902   bitbytenumber.o
        50          0          0          0          0        924   delay.o
       950         48          0         12          0       7654   eeprom.o
      2004         30          0          0          0       2399   gpio.o
       128         20          0          0          0        603   main.o
       476         56          0          2          0       3885   softi2c.o
        64         26        204          0        512        988   startup_lpc17xx.o
       320         18          0          0          0        569   system_lpc17xx_1.o

    ----------------------------------------------------------------------
      4784        206        236         16        512      25924   Object Totals
         0          0         32          0          0          0   (incl. Generated)
        10          0          0          2          0          0   (incl. Padding)

    ----------------------------------------------------------------------

      Code (inc. data)   RO Data    RW Data    ZI Data      Debug   Library Member Name

         8          0          0          0          0         68   __main.o
         0          0          0          0          0          0   __rtentry.o
        12          0          0          0          0          0   __rtentry2.o
         6          0          0          0          0          0   __rtentry4.o
        52          8          0          0          0          0   __scatter.o
        26          0          0          0          0          0   __scatter_copy.o
        28          0          0          0          0          0   __scatter_zi.o
        22          0          0          0          0        100   _rserrno.o
        18          0          0          0          0         80   exit.o
         6          0          0          0          0        152   heapauxi.o
         0          0          0          0          0          0   indicate_semi.o
         2          0          0          0          0          0   libinit.o
         2          0          0          0          0          0   libinit2.o
         2          0          0          0          0          0   libshutdown.o
         2          0          0          0          0          0   libshutdown2.o
         8          4          0          0         96         68   libspace.o
         8          4          0          0          0         68   rt_errno_addr_intlibspace.o
         2          0          0          0          0          0   rtexit.o
        10          0          0          0          0          0   rtexit2.o
        12          4          0          0          0         68   sys_exit.o
        74          0          0          0          0         80   sys_stackheap_outer.o
         2          0          0          0          0         68   use_no_semi.o
        98          4          0          0          0         92   d2f.o
       826         16          0          0          0        348   daddsub_clz.o
        16          4          0          0          0         68   dcheck1.o
        24          0          0          0          0         68   dcmpi.o
       688        140          0          0          0        208   ddiv.o
        46          0          0          0          0         68   dflt_clz.o
       120          4          0          0          0         92   dleqf.o
       340         12          0          0          0        104   dmul.o
       156          4          0          0          0         92   dnaninf.o
        12          0          0          0          0         68   dretinf.o
       108          0          0          0          0         80   drleqf.o
       460         56          0          0          0        120   dsqrt_noumaal.o
        86          4          0          0          0         84   f2d.o
       450          8          0          0          0        236   faddsub_clz.o
        54          4          0          0          0         84   ffix.o
        48          0          0          0          0         68   fflt_clz.o
       140          4          0          0          0         84   fnaninf.o
        10          0          0          0          0         68   fretinf.o
       100          0          0          0          0         68   retnan.o
        92          0          0          0          0         68   scalbn.o
        48          0          0          0          0         68   trapv.o
         0          0          0          0          0          0   usenofp.o
        62         10          0          0          0        340   dunder.o
        40          0          0          0          0         68   fpclassify.o
       170          0          0          0          0         96   poly.o
      2520        190        136          0          0        324   pow.o
         0          0          8          0          0          0   qnan.o
        76          0          0          0          0         84   sqrt.o

    ----------------------------------------------------------------------
      7116        480        144          0         96       3900   Library Totals
        24          0          0          0          0          0   (incl. Padding)

    ----------------------------------------------------------------------

      Code (inc. data)   RO Data    RW Data    ZI Data      Debug   Library Name

       302         20          0          0         96        752   c_w.l
      3922        260          0          0          0       2236   fz_ws.l
      2868        200        144          0          0        912   m_ws.l

    ----------------------------------------------------------------------
      7116        480        144          0         96       3900   Library Totals

    ----------------------------------------------------------------------

==============================================================================


      Code (inc. data)   RO Data    RW Data    ZI Data      Debug   

     11900        686        380         16        608      26284   Grand Totals
     11900        686        380         16        608      26284   ELF Image Totals
     11900        686        380         16          0          0   ROM Totals

==============================================================================

    Total RO  Size (Code + RO Data)                12280 (  11.99kB)
    Total RW  Size (RW Data + ZI Data)               624 (   0.61kB)
    Total ROM Size (Code + RO Data + RW Data)      12296 (  12.01kB)

==============================================================================

